Archive member included to satisfy reference by file (symbol)

D:/IDE/STM32CubeIDE_1.14.1/STM32CubeIDE/plugins/com.st.stm32cube.ide.mcu.externaltools.gnu-tools-for-stm32.12.3.rel1.win32_1.0.100.202403111256/tools/bin/../lib/gcc/arm-none-eabi/12.3.1/../../../../arm-none-eabi/lib/thumb/v7e-m+dp/hard\libc_nano.a(libc_a-exit.o)
                              D:/IDE/STM32CubeIDE_1.14.1/STM32CubeIDE/plugins/com.st.stm32cube.ide.mcu.externaltools.gnu-tools-for-stm32.12.3.rel1.win32_1.0.100.202403111256/tools/bin/../lib/gcc/arm-none-eabi/12.3.1/../../../../arm-none-eabi/lib/thumb/v7e-m+dp/hard/crt0.o (exit)
D:/IDE/STM32CubeIDE_1.14.1/STM32CubeIDE/plugins/com.st.stm32cube.ide.mcu.externaltools.gnu-tools-for-stm32.12.3.rel1.win32_1.0.100.202403111256/tools/bin/../lib/gcc/arm-none-eabi/12.3.1/../../../../arm-none-eabi/lib/thumb/v7e-m+dp/hard\libc_nano.a(libc_a-findfp.o)
                              D:/IDE/STM32CubeIDE_1.14.1/STM32CubeIDE/plugins/com.st.stm32cube.ide.mcu.externaltools.gnu-tools-for-stm32.12.3.rel1.win32_1.0.100.202403111256/tools/bin/../lib/gcc/arm-none-eabi/12.3.1/../../../../arm-none-eabi/lib/thumb/v7e-m+dp/hard\libc_nano.a(libc_a-exit.o) (__stdio_exit_handler)
D:/IDE/STM32CubeIDE_1.14.1/STM32CubeIDE/plugins/com.st.stm32cube.ide.mcu.externaltools.gnu-tools-for-stm32.12.3.rel1.win32_1.0.100.202403111256/tools/bin/../lib/gcc/arm-none-eabi/12.3.1/../../../../arm-none-eabi/lib/thumb/v7e-m+dp/hard\libc_nano.a(libc_a-fwalk.o)
                              D:/IDE/STM32CubeIDE_1.14.1/STM32CubeIDE/plugins/com.st.stm32cube.ide.mcu.externaltools.gnu-tools-for-stm32.12.3.rel1.win32_1.0.100.202403111256/tools/bin/../lib/gcc/arm-none-eabi/12.3.1/../../../../arm-none-eabi/lib/thumb/v7e-m+dp/hard\libc_nano.a(libc_a-findfp.o) (_fwalk_sglue)
D:/IDE/STM32CubeIDE_1.14.1/STM32CubeIDE/plugins/com.st.stm32cube.ide.mcu.externaltools.gnu-tools-for-stm32.12.3.rel1.win32_1.0.100.202403111256/tools/bin/../lib/gcc/arm-none-eabi/12.3.1/../../../../arm-none-eabi/lib/thumb/v7e-m+dp/hard\libc_nano.a(libc_a-stdio.o)
                              D:/IDE/STM32CubeIDE_1.14.1/STM32CubeIDE/plugins/com.st.stm32cube.ide.mcu.externaltools.gnu-tools-for-stm32.12.3.rel1.win32_1.0.100.202403111256/tools/bin/../lib/gcc/arm-none-eabi/12.3.1/../../../../arm-none-eabi/lib/thumb/v7e-m+dp/hard\libc_nano.a(libc_a-findfp.o) (__sread)
D:/IDE/STM32CubeIDE_1.14.1/STM32CubeIDE/plugins/com.st.stm32cube.ide.mcu.externaltools.gnu-tools-for-stm32.12.3.rel1.win32_1.0.100.202403111256/tools/bin/../lib/gcc/arm-none-eabi/12.3.1/../../../../arm-none-eabi/lib/thumb/v7e-m+dp/hard\libc_nano.a(libc_a-memset.o)
                              D:/IDE/STM32CubeIDE_1.14.1/STM32CubeIDE/plugins/com.st.stm32cube.ide.mcu.externaltools.gnu-tools-for-stm32.12.3.rel1.win32_1.0.100.202403111256/tools/bin/../lib/gcc/arm-none-eabi/12.3.1/../../../../arm-none-eabi/lib/thumb/v7e-m+dp/hard/crt0.o (memset)
D:/IDE/STM32CubeIDE_1.14.1/STM32CubeIDE/plugins/com.st.stm32cube.ide.mcu.externaltools.gnu-tools-for-stm32.12.3.rel1.win32_1.0.100.202403111256/tools/bin/../lib/gcc/arm-none-eabi/12.3.1/../../../../arm-none-eabi/lib/thumb/v7e-m+dp/hard\libc_nano.a(libc_a-closer.o)
                              D:/IDE/STM32CubeIDE_1.14.1/STM32CubeIDE/plugins/com.st.stm32cube.ide.mcu.externaltools.gnu-tools-for-stm32.12.3.rel1.win32_1.0.100.202403111256/tools/bin/../lib/gcc/arm-none-eabi/12.3.1/../../../../arm-none-eabi/lib/thumb/v7e-m+dp/hard\libc_nano.a(libc_a-stdio.o) (_close_r)
D:/IDE/STM32CubeIDE_1.14.1/STM32CubeIDE/plugins/com.st.stm32cube.ide.mcu.externaltools.gnu-tools-for-stm32.12.3.rel1.win32_1.0.100.202403111256/tools/bin/../lib/gcc/arm-none-eabi/12.3.1/../../../../arm-none-eabi/lib/thumb/v7e-m+dp/hard\libc_nano.a(libc_a-reent.o)
                              D:/IDE/STM32CubeIDE_1.14.1/STM32CubeIDE/plugins/com.st.stm32cube.ide.mcu.externaltools.gnu-tools-for-stm32.12.3.rel1.win32_1.0.100.202403111256/tools/bin/../lib/gcc/arm-none-eabi/12.3.1/../../../../arm-none-eabi/lib/thumb/v7e-m+dp/hard\libc_nano.a(libc_a-closer.o) (errno)
D:/IDE/STM32CubeIDE_1.14.1/STM32CubeIDE/plugins/com.st.stm32cube.ide.mcu.externaltools.gnu-tools-for-stm32.12.3.rel1.win32_1.0.100.202403111256/tools/bin/../lib/gcc/arm-none-eabi/12.3.1/../../../../arm-none-eabi/lib/thumb/v7e-m+dp/hard\libc_nano.a(libc_a-impure.o)
                              D:/IDE/STM32CubeIDE_1.14.1/STM32CubeIDE/plugins/com.st.stm32cube.ide.mcu.externaltools.gnu-tools-for-stm32.12.3.rel1.win32_1.0.100.202403111256/tools/bin/../lib/gcc/arm-none-eabi/12.3.1/../../../../arm-none-eabi/lib/thumb/v7e-m+dp/hard\libc_nano.a(libc_a-reent.o) (_impure_ptr)
D:/IDE/STM32CubeIDE_1.14.1/STM32CubeIDE/plugins/com.st.stm32cube.ide.mcu.externaltools.gnu-tools-for-stm32.12.3.rel1.win32_1.0.100.202403111256/tools/bin/../lib/gcc/arm-none-eabi/12.3.1/../../../../arm-none-eabi/lib/thumb/v7e-m+dp/hard\libc_nano.a(libc_a-lseekr.o)
[...]
Memory Configuration

Name             Origin             Length             Attributes
FLASH            0x08000000         0x00200000         xr
DTCMRAM          0x20000000         0x00020000         xrw
RAM_D1           0x24000000         0x00080000         xrw
RAM_D2           0x30000000         0x00048000         xrw
RAM_D3           0x38000000         0x00010000         xrw
ITCMRAM          0x00000000         0x00010000         xrw
*default*        0x00000000         0xffffffff

Linker script and memory map

LOAD D:/IDE/STM32CubeIDE_1.14.1/STM32CubeIDE/plugins/com.st.stm32cube.ide.mcu.externaltools.gnu-tools-for-stm32.12.3.rel1.win32_1.0.100.202403111256/tools/bin/../lib/gcc/arm-none-eabi/12.3.1/thumb/v7e-m+dp/hard/crti.o
LOAD D:/IDE/STM32CubeIDE_1.14.1/STM32CubeIDE/plugins/com.st.stm32cube.ide.mcu.externaltools.gnu-tools-for-stm32.12.3.rel1.win32_1.0.100.202403111256/tools/bin/../lib/gcc/arm-none-eabi/12.3.1/thumb/v7e-m+dp/hard/crtbegin.o
LOAD D:/IDE/STM32CubeIDE_1.14.1/STM32CubeIDE/plugins/com.st.stm32cube.ide.mcu.externaltools.gnu-tools-for-stm32.12.3.rel1.win32_1.0.100.202403111256/tools/bin/../lib/gcc/arm-none-eabi/12.3.1/../../../../arm-none-eabi/lib/thumb/v7e-m+dp/hard/crt0.o
LOAD ./Core/Src/dma.o
LOAD ./Core/Src/gpio.o
LOAD ./Core/Src/main.o
LOAD ./Core/Src/stm32h7xx_hal_msp.o
LOAD ./Core/Src/stm32h7xx_it.o
LOAD ./Core/Src/syscalls.o
LOAD ./Core/Src/sysmem.o
LOAD ./Core/Src/system_stm32h7xx.o
LOAD ./Core/Src/tim.o
LOAD ./Core/Src/usart.o
LOAD ./Core/Startup/startup_stm32h743xihx.o
LOAD ./Drivers/STM32H7xx_HAL_Driver/Src/stm32h7xx_hal.o
LOAD ./Drivers/STM32H7xx_HAL_Driver/Src/stm32h7xx_hal_cortex.o
LOAD ./Drivers/STM32H7xx_HAL_Driver/Src/stm32h7xx_hal_dma.o
LOAD ./Drivers/STM32H7xx_HAL_Driver/Src/stm32h7xx_hal_dma_ex.o
LOAD ./Drivers/STM32H7xx_HAL_Driver/Src/stm32h7xx_hal_exti.o
LOAD ./Drivers/STM32H7xx_HAL_Driver/Src/stm32h7xx_hal_flash.o
LOAD ./Drivers/STM32H7xx_HAL_Driver/Src/stm32h7xx_hal_flash_ex.o
LOAD ./Drivers/STM32H7xx_HAL_Driver/Src/stm32h7xx_hal_gpio.o
LOAD ./Drivers/STM32H7xx_HAL_Driver/Src/stm32h7xx_hal_hsem.o
LOAD ./Drivers/STM32H7xx_HAL_Driver/Src/stm32h7xx_hal_i2c.o
LOAD ./Drivers/STM32H7xx_HAL_Driver/Src/stm32h7xx_hal_i2c_ex.o
LOAD ./Drivers/STM32H7xx_HAL_Driver/Src/stm32h7xx_hal_mdma.o
LOAD ./Drivers/STM32H7xx_HAL_Driver/Src/stm32h7xx_hal_pwr.o
LOAD ./Drivers/STM32H7xx_HAL_Driver/Src/stm32h7xx_hal_pwr_ex.o
LOAD ./Drivers/STM32H7xx_HAL_Driver/Src/stm32h7xx_hal_rcc.o
LOAD ./Drivers/STM32H7xx_HAL_Driver/Src/stm32h7xx_hal_rcc_ex.o
LOAD ./Drivers/STM32H7xx_HAL_Driver/Src/stm32h7xx_hal_tim.o
LOAD ./Drivers/STM32H7xx_HAL_Driver/Src/stm32h7xx_hal_tim_ex.o
LOAD ./Drivers/STM32H7xx_HAL_Driver/Src/stm32h7xx_hal_uart.o
LOAD ./Drivers/STM32H7xx_HAL_Driver/Src/stm32h7xx_hal_uart_ex.o
START GROUP
LOAD D:/IDE/STM32CubeIDE_1.14.1/STM32CubeIDE/plugins/com.st.stm32cube.ide.mcu.externaltools.gnu-tools-for-stm32.12.3.rel1.win32_1.0.100.202403111256/tools/bin/../lib/gcc/arm-none-eabi/12.3.1/../../../../arm-none-eabi/lib/thumb/v7e-m+dp/hard\libc_nano.a
LOAD D:/IDE/STM32CubeIDE_1.14.1/STM32CubeIDE/plugins/com.st.stm32cube.ide.mcu.externaltools.gnu-tools-for-stm32.12.3.rel1.win32_1.0.100.202403111256/tools/bin/../lib/gcc/arm-none-eabi/12.3.1/../../../../arm-none-eabi/lib/thumb/v7e-m+dp/hard\libm.a
END GROUP
START GROUP
LOAD D:/IDE/STM32CubeIDE_1.14.1/STM32CubeIDE/plugins/com.st.stm32cube.ide.mcu.externaltools.gnu-tools-for-stm32.12.3.rel1.win32_1.0.100.202403111256/tools/bin/../lib/gcc/arm-none-eabi/12.3.1/thumb/v7e-m+dp/hard\libgcc.a
LOAD D:/IDE/STM32CubeIDE_1.14.1/STM32CubeIDE/plugins/com.st.stm32cube.ide.mcu.externaltools.gnu-tools-for-stm32.12.3.rel1.win32_1.0.100.202403111256/tools/bin/../lib/gcc/arm-none-eabi/12.3.1/../../../../arm-none-eabi/lib/thumb/v7e-m+dp/hard\libc_nano.a
END GROUP
START GROUP
LOAD D:/IDE/STM32CubeIDE_1.14.1/STM32CubeIDE/plugins/com.st.stm32cube.ide.mcu.externaltools.gnu-tools-for-stm32.12.3.rel1.win32_1.0.100.202403111256/tools/bin/../lib/gcc/arm-none-eabi/12.3.1/thumb/v7e-m+dp/hard\libgcc.a
LOAD D:/IDE/STM32CubeIDE_1.14.1/STM32CubeIDE/plugins/com.st.stm32cube.ide.mcu.externaltools.gnu-tools-for-stm32.12.3.rel1.win32_1.0.100.202403111256/tools/bin/../lib/gcc/arm-none-eabi/12.3.1/../../../../arm-none-eabi/lib/thumb/v7e-m+dp/hard\libc_nano.a
LOAD D:/IDE/STM32CubeIDE_1.14.1/STM32CubeIDE/plugins/com.st.stm32cube.ide.mcu.externaltools.gnu-tools-for-stm32.12.3.rel1.win32_1.0.100.202403111256/tools/bin/../lib/gcc/arm-none-eabi/12.3.1/../../../../arm-none-eabi/lib/thumb/v7e-m+dp/hard\libnosys.a
END GROUP
START GROUP
LOAD D:/IDE/STM32CubeIDE_1.14.1/STM32CubeIDE/plugins/com.st.stm32cube.ide.mcu.externaltools.gnu-tools-for-stm32.12.3.rel1.win32_1.0.100.202403111256/tools/bin/../lib/gcc/arm-none-eabi/12.3.1/thumb/v7e-m+dp/hard\libgcc.a
LOAD D:/IDE/STM32CubeIDE_1.14.1/STM32CubeIDE/plugins/com.st.stm32cube.ide.mcu.externaltools.gnu-tools-for-stm32.12.3.rel1.win32_1.0.100.202403111256/tools/bin/../lib/gcc/arm-none-eabi/12.3.1/../../../../arm-none-eabi/lib/thumb/v7e-m+dp/hard\libc_nano.a
LOAD D:/IDE/STM32CubeIDE_1.14.1/STM32CubeIDE/plugins/com.st.stm32cube.ide.mcu.externaltools.gnu-tools-for-stm32.12.3.rel1.win32_1.0.100.202403111256/tools/bin/../lib/gcc/arm-none-eabi/12.3.1/../../../../arm-none-eabi/lib/thumb/v7e-m+dp/hard\libnosys.a
END GROUP
LOAD D:/IDE/STM32CubeIDE_1.14.1/STM32CubeIDE/plugins/com.st.stm32cube.ide.mcu.externaltools.gnu-tools-for-stm32.12.3.rel1.win32_1.0.100.202403111256/tools/bin/../lib/gcc/arm-none-eabi/12.3.1/thumb/v7e-m+dp/hard/crtend.o
LOAD D:/IDE/STM32CubeIDE_1.14.1/STM32CubeIDE/plugins/com.st.stm32cube.ide.mcu.externaltools.gnu-tools-for-stm32.12.3.rel1.win32_1.0.100.202403111256/tools/bin/../lib/gcc/arm-none-eabi/12.3.1/thumb/v7e-m+dp/hard/crtn.o
                0x24080000                        _estack = (ORIGIN (RAM_D1) + LENGTH (RAM_D1))
                0x00000200                        _Min_Heap_Size = 0x200
                0x00000400                        _Min_Stack_Size = 0x400

.isr_vector     0x08000000      0x298
                0x08000000                        . = ALIGN (0x4)
 *(.isr_vector)
 .isr_vector    0x08000000      0x298 ./Core/Startup/startup_stm32h743xihx.o
                0x08000000                g_pfnVectors
                0x08000298                        . = ALIGN (0x4)

.text           0x08000298     0x9004
                0x08000298                        . = ALIGN (0x4)
 *(.text)
 .text          0x08000298       0x40 D:/IDE/STM32CubeIDE_1.14.1/STM32CubeIDE/plugins/com.st.stm32cube.ide.mcu.externaltools.gnu-tools-for-stm32.12.3.rel1.win32_1.0.100.202403111256/tools/bin/../lib/gcc/arm-none-eabi/12.3.1/thumb/v7e-m+dp/hard/crtbegin.o
 .text          0x080002d8       0x30 D:/IDE/STM32CubeIDE_1.14.1/STM32CubeIDE/plugins/com.st.stm32cube.ide.mcu.externaltools.gnu-tools-for-stm32.12.3.rel1.win32_1.0.100.202403111256/tools/bin/../lib/gcc/arm-none-eabi/12.3.1/thumb/v7e-m+dp/hard\libgcc.a(_aeabi_uldivmod.o)
                0x080002d8                __aeabi_uldivmod
 .text          0x08000308      0x2bc D:/IDE/STM32CubeIDE_1.14.1/STM32CubeIDE/plugins/com.st.stm32cube.ide.mcu.externaltools.gnu-tools-for-stm32.12.3.rel1.win32_1.0.100.202403111256/tools/bin/../lib/gcc/arm-none-eabi/12.3.1/thumb/v7e-m+dp/hard\libgcc.a(_udivmoddi4.o)
                0x08000308                __udivmoddi4
 .text          0x080005c4        0x4 D:/IDE/STM32CubeIDE_1.14.1/STM32CubeIDE/plugins/com.st.stm32cube.ide.mcu.externaltools.gnu-tools-for-stm32.12.3.rel1.win32_1.0.100.202403111256/tools/bin/../lib/gcc/arm-none-eabi/12.3.1/thumb/v7e-m+dp/hard\libgcc.a(_dvmd_tls.o)
                0x080005c4                __aeabi_idiv0
                0x080005c4                __aeabi_ldiv0
 *(.text*)
 .text.MX_DMA_Init
                0x080005c8       0x50 ./Core/Src/dma.o
                0x080005c8                MX_DMA_Init
 .text.MX_GPIO_Init
                0x08000618       0x54 ./Core/Src/gpio.o
                0x08000618                MX_GPIO_Init
 .text.HAL_TIM_PeriodElapsedCallback
                0x0800066c       0x30 ./Core/Src/main.o
                0x0800066c                HAL_TIM_PeriodElapsedCallback
 .text.main     0x0800069c       0x30 ./Core/Src/main.o
                0x0800069c                main
 .text.SystemClock_Config
                0x080006cc      0x160 ./Core/Src/main.o
                0x080006cc                SystemClock_Config
 .text.MPU_Config
                0x0800082c       0x58 ./Core/Src/main.o
 .text.Error_Handler
                0x08000884        0xc ./Core/Src/main.o
                0x08000884                Error_Handler
 .text.HAL_MspInit
                0x08000890       0x34 ./Core/Src/stm32h7xx_hal_msp.o
                0x08000890                HAL_MspInit
 .text.NMI_Handler
                0x080008c4        0x8 ./Core/Src/stm32h7xx_it.o
                0x080008c4                NMI_Handler
 .text.HardFault_Handler
                0x080008cc        0x8 ./Core/Src/stm32h7xx_it.o
                0x080008cc                HardFault_Handler
 .text.MemManage_Handler
                0x080008d4        0x8 ./Core/Src/stm32h7xx_it.o
                0x080008d4                MemManage_Handler
 .text.BusFault_Handler
                0x080008dc        0x8 ./Core/Src/stm32h7xx_it.o
                0x080008dc                BusFault_Handler
 .text.UsageFault_Handler
                0x080008e4        0x8 ./Core/Src/stm32h7xx_it.o
                0x080008e4                UsageFault_Handler
 .text.SVC_Handler
                0x080008ec        0xe ./Core/Src/stm32h7xx_it.o
                0x080008ec                SVC_Handler
 .text.DebugMon_Handler
                0x080008fa        0xe ./Core/Src/stm32h7xx_it.o
                0x080008fa                DebugMon_Handler
 .text.PendSV_Handler
                0x08000908        0xe ./Core/Src/stm32h7xx_it.o
                0x08000908                PendSV_Handler
 .text.SysTick_Handler
                0x08000916        0xc ./Core/Src/stm32h7xx_it.o
                0x08000916                SysTick_Handler
 *fill*         0x08000922        0x2 
 .text.DMA1_Stream0_IRQHandler
                0x08000924       0x14 ./Core/Src/stm32h7xx_it.o
                0x08000924                DMA1_Stream0_IRQHandler
 .text.DMA1_Stream1_IRQHandler
                0x08000938       0x14 ./Core/Src/stm32h7xx_it.o
                0x08000938                DMA1_Stream1_IRQHandler
 .text.USART1_IRQHandler
                0x0800094c       0x14 ./Core/Src/stm32h7xx_it.o
                0x0800094c                USART1_IRQHandler
 .text.TIM6_DAC_IRQHandler
                0x08000960       0x14 ./Core/Src/stm32h7xx_it.o
                0x08000960                TIM6_DAC_IRQHandler
 .text.SystemInit
                0x08000974      0x110 ./Core/Src/system_stm32h7xx.o
                0x08000974                SystemInit
 .text.MX_TIM6_Init
                0x08000a84       0x70 ./Core/Src/tim.o
                0x08000a84                MX_TIM6_Init
 .text.HAL_TIM_Base_MspInit
                0x08000af4       0x50 ./Core/Src/tim.o
                0x08000af4                HAL_TIM_Base_MspInit
 .text.MX_USART1_UART_Init
                0x08000b44       0x98 ./Core/Src/usart.o
                0x08000b44                MX_USART1_UART_Init
 .text.HAL_UART_MspInit
                0x08000bdc      0x1ac ./Core/Src/usart.o
                0x08000bdc                HAL_UART_MspInit
 .text.Reset_Handler
                0x08000d88       0x50 ./Core/Startup/startup_stm32h743xihx.o
                0x08000d88                Reset_Handler
 .text.Default_Handler
                0x08000dd8        0x2 ./Core/Startup/startup_stm32h743xihx.o
                0x08000dd8                RTC_Alarm_IRQHandler
                0x08000dd8                EXTI2_IRQHandler
                0x08000dd8                TIM8_CC_IRQHandler
                0x08000dd8                HRTIM1_Master_IRQHandler
                0x08000dd8                UART8_IRQHandler
                0x08000dd8                SPI4_IRQHandler
                0x08000dd8                TIM1_CC_IRQHandler
                0x08000dd8                BDMA_Channel6_IRQHandler
                0x08000dd8                DMA2_Stream5_IRQHandler
                0x08000dd8                HRTIM1_FLT_IRQHandler
                0x08000dd8                JPEG_IRQHandler
                0x08000dd8                DMA1_Stream5_IRQHandler
                0x08000dd8                BDMA_Channel1_IRQHandler
                0x08000dd8                HRTIM1_TIMD_IRQHandler
                0x08000dd8                TAMP_STAMP_IRQHandler
                0x08000dd8                EXTI3_IRQHandler
                0x08000dd8                LPTIM4_IRQHandler
                0x08000dd8                TIM8_TRG_COM_TIM14_IRQHandler
                0x08000dd8                LPTIM2_IRQHandler
                0x08000dd8                DFSDM1_FLT1_IRQHandler
                0x08000dd8                DMAMUX2_OVR_IRQHandler
                0x08000dd8                TIM8_UP_TIM13_IRQHandler
                0x08000dd8                I2C3_ER_IRQHandler
                0x08000dd8                DFSDM1_FLT2_IRQHandler
                0x08000dd8                MDMA_IRQHandler
                0x08000dd8                LPTIM3_IRQHandler
                0x08000dd8                HSEM1_IRQHandler
                0x08000dd8                EXTI0_IRQHandler
                0x08000dd8                I2C2_EV_IRQHandler
                0x08000dd8                DMA1_Stream2_IRQHandler
                0x08000dd8                FPU_IRQHandler
                0x08000dd8                OTG_HS_WKUP_IRQHandler
                0x08000dd8                FDCAN1_IT1_IRQHandler
                0x08000dd8                LTDC_ER_IRQHandler
                0x08000dd8                DMA2_Stream2_IRQHandler
                0x08000dd8                HRTIM1_TIME_IRQHandler
                0x08000dd8                SPI1_IRQHandler
                0x08000dd8                DCMI_IRQHandler
                0x08000dd8                HRTIM1_TIMC_IRQHandler
                0x08000dd8                DMA2_Stream3_IRQHandler
                0x08000dd8                SAI2_IRQHandler
                0x08000dd8                DFSDM1_FLT3_IRQHandler
                0x08000dd8                USART6_IRQHandler
                0x08000dd8                TIM17_IRQHandler
                0x08000dd8                USART3_IRQHandler
                0x08000dd8                BDMA_Channel7_IRQHandler
                0x08000dd8                LPTIM5_IRQHandler
                0x08000dd8                UART5_IRQHandler
                0x08000dd8                ADC3_IRQHandler
                0x08000dd8                DMA2_Stream0_IRQHandler
                0x08000dd8                TIM4_IRQHandler
                0x08000dd8                BDMA_Channel2_IRQHandler
                0x08000dd8                QUADSPI_IRQHandler
                0x08000dd8                I2C1_EV_IRQHandler
                0x08000dd8                DMA1_Stream6_IRQHandler
                0x08000dd8                DMAMUX1_OVR_IRQHandler
                0x08000dd8                TIM16_IRQHandler
                0x08000dd8                UART4_IRQHandler
                0x08000dd8                BDMA_Channel5_IRQHandler
                0x08000dd8                TIM3_IRQHandler
                0x08000dd8                RCC_IRQHandler
                0x08000dd8                TIM8_BRK_TIM12_IRQHandler
                0x08000dd8                TIM1_TRG_COM_IRQHandler
                0x08000dd8                Default_Handler
                0x08000dd8                ECC_IRQHandler
                0x08000dd8                CEC_IRQHandler
                0x08000dd8                EXTI15_10_IRQHandler
                0x08000dd8                BDMA_Channel0_IRQHandler
                0x08000dd8                ADC_IRQHandler
                0x08000dd8                DMA1_Stream7_IRQHandler
                0x08000dd8                HRTIM1_TIMA_IRQHandler
                0x08000dd8                SPI5_IRQHandler
                0x08000dd8                TIM7_IRQHandler
                0x08000dd8                SDMMC1_IRQHandler
                0x08000dd8                TIM5_IRQHandler
                0x08000dd8                DMA2_Stream7_IRQHandler
                0x08000dd8                TIM15_IRQHandler
                0x08000dd8                PVD_AVD_IRQHandler
                0x08000dd8                I2C3_EV_IRQHandler
                0x08000dd8                EXTI9_5_IRQHandler
                0x08000dd8                RTC_WKUP_IRQHandler
                0x08000dd8                LTDC_IRQHandler
                0x08000dd8                SAI3_IRQHandler
                0x08000dd8                ETH_WKUP_IRQHandler
                0x08000dd8                SPDIF_RX_IRQHandler
                0x08000dd8                SPI2_IRQHandler
                0x08000dd8                OTG_HS_EP1_IN_IRQHandler
                0x08000dd8                CRS_IRQHandler
                0x08000dd8                EXTI4_IRQHandler
                0x08000dd8                RNG_IRQHandler
                0x08000dd8                HRTIM1_TIMB_IRQHandler
                0x08000dd8                FDCAN2_IT1_IRQHandler
                0x08000dd8                ETH_IRQHandler
                0x08000dd8                TIM1_UP_IRQHandler
                0x08000dd8                BDMA_Channel4_IRQHandler
                0x08000dd8                OTG_HS_EP1_OUT_IRQHandler
                0x08000dd8                WWDG_IRQHandler
                0x08000dd8                SPI6_IRQHandler
                0x08000dd8                MDIOS_IRQHandler
                0x08000dd8                I2C4_EV_IRQHandler
                0x08000dd8                FDCAN2_IT0_IRQHandler
                0x08000dd8                LPUART1_IRQHandler
                0x08000dd8                FDCAN1_IT0_IRQHandler
                0x08000dd8                TIM2_IRQHandler
                0x08000dd8                OTG_FS_WKUP_IRQHandler
                0x08000dd8                OTG_HS_IRQHandler
                0x08000dd8                DMA2D_IRQHandler
                0x08000dd8                TIM1_BRK_IRQHandler
                0x08000dd8                EXTI1_IRQHandler
                0x08000dd8                SDMMC2_IRQHandler
                0x08000dd8                OTG_FS_EP1_OUT_IRQHandler
                0x08000dd8                BDMA_Channel3_IRQHandler
                0x08000dd8                UART7_IRQHandler
                0x08000dd8                MDIOS_WKUP_IRQHandler
                0x08000dd8                USART2_IRQHandler
                0x08000dd8                DFSDM1_FLT0_IRQHandler
                0x08000dd8                SAI4_IRQHandler
                0x08000dd8                I2C2_ER_IRQHandler
                0x08000dd8                DMA2_Stream1_IRQHandler
                0x08000dd8                FLASH_IRQHandler
                0x08000dd8                DMA2_Stream4_IRQHandler
                0x08000dd8                OTG_FS_IRQHandler
                0x08000dd8                SPI3_IRQHandler
                0x08000dd8                WAKEUP_PIN_IRQHandler
                0x08000dd8                DMA1_Stream4_IRQHandler
                0x08000dd8                OTG_FS_EP1_IN_IRQHandler
                0x08000dd8                I2C1_ER_IRQHandler
                0x08000dd8                FMC_IRQHandler
                0x08000dd8                FDCAN_CAL_IRQHandler
                0x08000dd8                SWPMI1_IRQHandler
                0x08000dd8                COMP1_IRQHandler
                0x08000dd8                LPTIM1_IRQHandler
                0x08000dd8                I2C4_ER_IRQHandler
                0x08000dd8                DMA2_Stream6_IRQHandler
                0x08000dd8                SAI1_IRQHandler
                0x08000dd8                DMA1_Stream3_IRQHandler
 *fill*         0x08000dda        0x2 
 .text.HAL_Init
                0x08000ddc       0x78 ./Drivers/STM32H7xx_HAL_Driver/Src/stm32h7xx_hal.o
                0x08000ddc                HAL_Init
 .text.HAL_InitTick
                0x08000e54       0x6c ./Drivers/STM32H7xx_HAL_Driver/Src/stm32h7xx_hal.o
                0x08000e54                HAL_InitTick
 .text.HAL_IncTick
                0x08000ec0       0x28 ./Drivers/STM32H7xx_HAL_Driver/Src/stm32h7xx_hal.o
                0x08000ec0                HAL_IncTick
 .text.HAL_GetTick
                0x08000ee8       0x18 ./Drivers/STM32H7xx_HAL_Driver/Src/stm32h7xx_hal.o
                0x08000ee8                HAL_GetTick
 .text.HAL_GetREVID
                0x08000f00       0x18 ./Drivers/STM32H7xx_HAL_Driver/Src/stm32h7xx_hal.o
                0x08000f00                HAL_GetREVID
 .text.__NVIC_SetPriorityGrouping
                0x08000f18       0x48 ./Drivers/STM32H7xx_HAL_Driver/Src/stm32h7xx_hal_cortex.o
 .text.__NVIC_GetPriorityGrouping
                0x08000f60       0x1c ./Drivers/STM32H7xx_HAL_Driver/Src/stm32h7xx_hal_cortex.o
 .text.__NVIC_EnableIRQ
                0x08000f7c       0x3c ./Drivers/STM32H7xx_HAL_Driver/Src/stm32h7xx_hal_cortex.o
 .text.__NVIC_SetPriority
                0x08000fb8       0x54 ./Drivers/STM32H7xx_HAL_Driver/Src/stm32h7xx_hal_cortex.o
 .text.NVIC_EncodePriority
                0x0800100c       0x66 ./Drivers/STM32H7xx_HAL_Driver/Src/stm32h7xx_hal_cortex.o
 *fill*         0x08001072        0x2 
 .text.SysTick_Config
                0x08001074       0x44 ./Drivers/STM32H7xx_HAL_Driver/Src/stm32h7xx_hal_cortex.o
 .text.HAL_NVIC_SetPriorityGrouping
                0x080010b8       0x16 ./Drivers/STM32H7xx_HAL_Driver/Src/stm32h7xx_hal_cortex.o
                0x080010b8                HAL_NVIC_SetPriorityGrouping
 .text.HAL_NVIC_SetPriority
                0x080010ce       0x34 ./Drivers/STM32H7xx_HAL_Driver/Src/stm32h7xx_hal_cortex.o
                0x080010ce                HAL_NVIC_SetPriority
 .text.HAL_NVIC_EnableIRQ
                0x08001102       0x1c ./Drivers/STM32H7xx_HAL_Driver/Src/stm32h7xx_hal_cortex.o
                0x08001102                HAL_NVIC_EnableIRQ
 .text.HAL_SYSTICK_Config
                0x0800111e       0x18 ./Drivers/STM32H7xx_HAL_Driver/Src/stm32h7xx_hal_cortex.o
                0x0800111e                HAL_SYSTICK_Config
 *fill*         0x08001136        0x2 
 .text.HAL_MPU_Disable
                0x08001138       0x30 ./Drivers/STM32H7xx_HAL_Driver/Src/stm32h7xx_hal_cortex.o
                0x08001138                HAL_MPU_Disable
 .text.HAL_MPU_Enable
                0x08001168       0x40 ./Drivers/STM32H7xx_HAL_Driver/Src/stm32h7xx_hal_cortex.o
                0x08001168                HAL_MPU_Enable
 .text.HAL_MPU_ConfigRegion
                0x080011a8       0x80 ./Drivers/STM32H7xx_HAL_Driver/Src/stm32h7xx_hal_cortex.o
                0x080011a8                HAL_MPU_ConfigRegion
 .text.HAL_DMA_Init
                0x08001228      0x6b8 ./Drivers/STM32H7xx_HAL_Driver/Src/stm32h7xx_hal_dma.o
                0x08001228                HAL_DMA_Init
 .text.HAL_DMA_Start_IT
                0x080018e0      0x4d4 ./Drivers/STM32H7xx_HAL_Driver/Src/stm32h7xx_hal_dma.o
                0x080018e0                HAL_DMA_Start_IT
 .text.HAL_DMA_Abort
                0x08001db4      0x63c ./Drivers/STM32H7xx_HAL_Driver/Src/stm32h7xx_hal_dma.o
                0x08001db4                HAL_DMA_Abort
 .text.HAL_DMA_Abort_IT
                0x080023f0      0x48c ./Drivers/STM32H7xx_HAL_Driver/Src/stm32h7xx_hal_dma.o
                0x080023f0                HAL_DMA_Abort_IT
 .text.HAL_DMA_IRQHandler
                0x0800287c      0xe54 ./Drivers/STM32H7xx_HAL_Driver/Src/stm32h7xx_hal_dma.o
                0x0800287c                HAL_DMA_IRQHandler
 .text.DMA_SetConfig
                0x080036d0      0x358 ./Drivers/STM32H7xx_HAL_Driver/Src/stm32h7xx_hal_dma.o
 .text.DMA_CalcBaseAndBitshift
                0x08003a28      0x164 ./Drivers/STM32H7xx_HAL_Driver/Src/stm32h7xx_hal_dma.o
 .text.DMA_CheckFifoParam
                0x08003b8c       0xf8 ./Drivers/STM32H7xx_HAL_Driver/Src/stm32h7xx_hal_dma.o
 .text.DMA_CalcDMAMUXChannelBaseAndMask
                0x08003c84      0x134 ./Drivers/STM32H7xx_HAL_Driver/Src/stm32h7xx_hal_dma.o
 .text.DMA_CalcDMAMUXRequestGenBaseAndMask
                0x08003db8       0xe8 ./Drivers/STM32H7xx_HAL_Driver/Src/stm32h7xx_hal_dma.o
 .text.HAL_GPIO_Init
                0x08003ea0      0x360 ./Drivers/STM32H7xx_HAL_Driver/Src/stm32h7xx_hal_gpio.o
                0x08003ea0                HAL_GPIO_Init
 .text.HAL_PWREx_ConfigSupply
                0x08004200       0x74 ./Drivers/STM32H7xx_HAL_Driver/Src/stm32h7xx_hal_pwr_ex.o
                0x08004200                HAL_PWREx_ConfigSupply
 .text.HAL_RCC_OscConfig
                0x08004274      0x8b4 ./Drivers/STM32H7xx_HAL_Driver/Src/stm32h7xx_hal_rcc.o
                0x08004274                HAL_RCC_OscConfig
 .text.HAL_RCC_ClockConfig
                0x08004b28      0x36c ./Drivers/STM32H7xx_HAL_Driver/Src/stm32h7xx_hal_rcc.o
                0x08004b28                HAL_RCC_ClockConfig
 .text.HAL_RCC_GetSysClockFreq
                0x08004e94      0x2f4 ./Drivers/STM32H7xx_HAL_Driver/Src/stm32h7xx_hal_rcc.o
                0x08004e94                HAL_RCC_GetSysClockFreq
 .text.HAL_RCC_GetHCLKFreq
                0x08005188       0x60 ./Drivers/STM32H7xx_HAL_Driver/Src/stm32h7xx_hal_rcc.o
                0x08005188                HAL_RCC_GetHCLKFreq
 .text.HAL_RCC_GetPCLK1Freq
                0x080051e8       0x2c ./Drivers/STM32H7xx_HAL_Driver/Src/stm32h7xx_hal_rcc.o
                0x080051e8                HAL_RCC_GetPCLK1Freq
 .text.HAL_RCC_GetPCLK2Freq
                0x08005214       0x2c ./Drivers/STM32H7xx_HAL_Driver/Src/stm32h7xx_hal_rcc.o
                0x08005214                HAL_RCC_GetPCLK2Freq
 .text.HAL_RCCEx_PeriphCLKConfig
                0x08005240     0x1414 ./Drivers/STM32H7xx_HAL_Driver/Src/stm32h7xx_hal_rcc_ex.o
                0x08005240                HAL_RCCEx_PeriphCLKConfig
 .text.HAL_RCCEx_GetD3PCLK1Freq
                0x08006654       0x2c ./Drivers/STM32H7xx_HAL_Driver/Src/stm32h7xx_hal_rcc_ex.o
                0x08006654                HAL_RCCEx_GetD3PCLK1Freq
 .text.HAL_RCCEx_GetPLL2ClockFreq
                0x08006680      0x2a8 ./Drivers/STM32H7xx_HAL_Driver/Src/stm32h7xx_hal_rcc_ex.o
                0x08006680                HAL_RCCEx_GetPLL2ClockFreq
 .text.HAL_RCCEx_GetPLL3ClockFreq
                0x08006928      0x2a8 ./Drivers/STM32H7xx_HAL_Driver/Src/stm32h7xx_hal_rcc_ex.o
                0x08006928                HAL_RCCEx_GetPLL3ClockFreq
 .text.RCCEx_PLL2_Config
                0x08006bd0      0x164 ./Drivers/STM32H7xx_HAL_Driver/Src/stm32h7xx_hal_rcc_ex.o
 .text.RCCEx_PLL3_Config
                0x08006d34      0x164 ./Drivers/STM32H7xx_HAL_Driver/Src/stm32h7xx_hal_rcc_ex.o
 .text.HAL_TIM_Base_Init
                0x08006e98       0xae ./Drivers/STM32H7xx_HAL_Driver/Src/stm32h7xx_hal_tim.o
                0x08006e98                HAL_TIM_Base_Init
 *fill*         0x08006f46        0x2 
 .text.HAL_TIM_Base_Start_IT
                0x08006f48       0xf0 ./Drivers/STM32H7xx_HAL_Driver/Src/stm32h7xx_hal_tim.o
                0x08006f48                HAL_TIM_Base_Start_IT
 .text.HAL_TIM_IRQHandler
                0x08007038      0x20e ./Drivers/STM32H7xx_HAL_Driver/Src/stm32h7xx_hal_tim.o
                0x08007038                HAL_TIM_IRQHandler
 .text.HAL_TIM_OC_DelayElapsedCallback
                0x08007246       0x14 ./Drivers/STM32H7xx_HAL_Driver/Src/stm32h7xx_hal_tim.o
                0x08007246                HAL_TIM_OC_DelayElapsedCallback
 .text.HAL_TIM_IC_CaptureCallback
                0x0800725a       0x14 ./Drivers/STM32H7xx_HAL_Driver/Src/stm32h7xx_hal_tim.o
                0x0800725a                HAL_TIM_IC_CaptureCallback
 .text.HAL_TIM_PWM_PulseFinishedCallback
                0x0800726e       0x14 ./Drivers/STM32H7xx_HAL_Driver/Src/stm32h7xx_hal_tim.o
                0x0800726e                HAL_TIM_PWM_PulseFinishedCallback
 .text.HAL_TIM_TriggerCallback
                0x08007282       0x14 ./Drivers/STM32H7xx_HAL_Driver/Src/stm32h7xx_hal_tim.o
                0x08007282                HAL_TIM_TriggerCallback
 *fill*         0x08007296        0x2 
 .text.TIM_Base_SetConfig
                0x08007298      0x14c ./Drivers/STM32H7xx_HAL_Driver/Src/stm32h7xx_hal_tim.o
                0x08007298                TIM_Base_SetConfig
 .text.HAL_TIMEx_MasterConfigSynchronization
                0x080073e4      0x11c ./Drivers/STM32H7xx_HAL_Driver/Src/stm32h7xx_hal_tim_ex.o
                0x080073e4                HAL_TIMEx_MasterConfigSynchronization
 .text.HAL_TIMEx_CommutCallback
                0x08007500       0x14 ./Drivers/STM32H7xx_HAL_Driver/Src/stm32h7xx_hal_tim_ex.o
                0x08007500                HAL_TIMEx_CommutCallback
 .text.HAL_TIMEx_BreakCallback
                0x08007514       0x14 ./Drivers/STM32H7xx_HAL_Driver/Src/stm32h7xx_hal_tim_ex.o
                0x08007514                HAL_TIMEx_BreakCallback
 .text.HAL_TIMEx_Break2Callback
                0x08007528       0x14 ./Drivers/STM32H7xx_HAL_Driver/Src/stm32h7xx_hal_tim_ex.o
                0x08007528                HAL_TIMEx_Break2Callback
 .text.HAL_UART_Init
                0x0800753c       0xa0 ./Drivers/STM32H7xx_HAL_Driver/Src/stm32h7xx_hal_uart.o
                0x0800753c                HAL_UART_Init
 .text.HAL_UART_Transmit_DMA
                0x080075dc      0x100 ./Drivers/STM32H7xx_HAL_Driver/Src/stm32h7xx_hal_uart.o
                0x080075dc                HAL_UART_Transmit_DMA
 .text.HAL_UART_IRQHandler
                0x080076dc      0x774 ./Drivers/STM32H7xx_HAL_Driver/Src/stm32h7xx_hal_uart.o
                0x080076dc                HAL_UART_IRQHandler
 .text.HAL_UART_TxCpltCallback
                0x08007e50       0x14 ./Drivers/STM32H7xx_HAL_Driver/Src/stm32h7xx_hal_uart.o
                0x08007e50                HAL_UART_TxCpltCallback
 .text.HAL_UART_TxHalfCpltCallback
                0x08007e64       0x14 ./Drivers/STM32H7xx_HAL_Driver/Src/stm32h7xx_hal_uart.o
                0x08007e64                HAL_UART_TxHalfCpltCallback
 .text.HAL_UART_ErrorCallback
                0x08007e78       0x14 ./Drivers/STM32H7xx_HAL_Driver/Src/stm32h7xx_hal_uart.o
                0x08007e78                HAL_UART_ErrorCallback
 .text.HAL_UARTEx_RxEventCallback
                0x08007e8c       0x18 ./Drivers/STM32H7xx_HAL_Driver/Src/stm32h7xx_hal_uart.o
                0x08007e8c                HAL_UARTEx_RxEventCallback
 .text.UART_SetConfig
                0x08007ea4      0xad0 ./Drivers/STM32H7xx_HAL_Driver/Src/stm32h7xx_hal_uart.o
                0x08007ea4                UART_SetConfig
 .text.UART_AdvFeatureConfig
                0x08008974      0x144 ./Drivers/STM32H7xx_HAL_Driver/Src/stm32h7xx_hal_uart.o
                0x08008974                UART_AdvFeatureConfig
 .text.UART_CheckIdleState
                0x08008ab8      0x154 ./Drivers/STM32H7xx_HAL_Driver/Src/stm32h7xx_hal_uart.o
                0x08008ab8                UART_CheckIdleState
 .text.UART_WaitOnFlagUntilTimeout
                0x08008c0c       0xda ./Drivers/STM32H7xx_HAL_Driver/Src/stm32h7xx_hal_uart.o
                0x08008c0c                UART_WaitOnFlagUntilTimeout
 .text.UART_EndTxTransfer
                0x08008ce6       0x82 ./Drivers/STM32H7xx_HAL_Driver/Src/stm32h7xx_hal_uart.o
 .text.UART_EndRxTransfer
                0x08008d68       0xcc ./Drivers/STM32H7xx_HAL_Driver/Src/stm32h7xx_hal_uart.o
 .text.UART_DMATransmitCplt
                0x08008e34       0x96 ./Drivers/STM32H7xx_HAL_Driver/Src/stm32h7xx_hal_uart.o
 .text.UART_DMATxHalfCplt
                0x08008eca       0x1c ./Drivers/STM32H7xx_HAL_Driver/Src/stm32h7xx_hal_uart.o
 .text.UART_DMAError
                0x08008ee6       0x80 ./Drivers/STM32H7xx_HAL_Driver/Src/stm32h7xx_hal_uart.o
 .text.UART_DMAAbortOnError
                0x08008f66       0x2c ./Drivers/STM32H7xx_HAL_Driver/Src/stm32h7xx_hal_uart.o
 .text.UART_EndTransmit_IT
                0x08008f92       0x56 ./Drivers/STM32H7xx_HAL_Driver/Src/stm32h7xx_hal_uart.o
 .text.HAL_UARTEx_WakeupCallback
                0x08008fe8       0x14 ./Drivers/STM32H7xx_HAL_Driver/Src/stm32h7xx_hal_uart_ex.o
                0x08008fe8                HAL_UARTEx_WakeupCallback
 .text.HAL_UARTEx_RxFifoFullCallback
                0x08008ffc       0x14 ./Drivers/STM32H7xx_HAL_Driver/Src/stm32h7xx_hal_uart_ex.o
                0x08008ffc                HAL_UARTEx_RxFifoFullCallback
 .text.HAL_UARTEx_TxFifoEmptyCallback
                0x08009010       0x14 ./Drivers/STM32H7xx_HAL_Driver/Src/stm32h7xx_hal_uart_ex.o
                0x08009010                HAL_UARTEx_TxFifoEmptyCallback
 .text.HAL_UARTEx_DisableFifoMode
                0x08009024       0x72 ./Drivers/STM32H7xx_HAL_Driver/Src/stm32h7xx_hal_uart_ex.o
                0x08009024                HAL_UARTEx_DisableFifoMode
 .text.HAL_UARTEx_SetTxFifoThreshold
                0x08009096       0x7c ./Drivers/STM32H7xx_HAL_Driver/Src/stm32h7xx_hal_uart_ex.o
                0x08009096                HAL_UARTEx_SetTxFifoThreshold
 .text.HAL_UARTEx_SetRxFifoThreshold
                0x08009112       0x7c ./Drivers/STM32H7xx_HAL_Driver/Src/stm32h7xx_hal_uart_ex.o
                0x08009112                HAL_UARTEx_SetRxFifoThreshold
 *fill*         0x0800918e        0x2 
 .text.UARTEx_SetNbDataToProcess
                0x08009190       0x9c ./Drivers/STM32H7xx_HAL_Driver/Src/stm32h7xx_hal_uart_ex.o
 .text.memset   0x0800922c       0x10 D:/IDE/STM32CubeIDE_1.14.1/STM32CubeIDE/plugins/com.st.stm32cube.ide.mcu.externaltools.gnu-tools-for-stm32.12.3.rel1.win32_1.0.100.202403111256/tools/bin/../lib/gcc/arm-none-eabi/12.3.1/../../../../arm-none-eabi/lib/thumb/v7e-m+dp/hard\libc_nano.a(libc_a-memset.o)
                0x0800922c                memset
 .text.__libc_init_array
                0x0800923c       0x48 D:/IDE/STM32CubeIDE_1.14.1/STM32CubeIDE/plugins/com.st.stm32cube.ide.mcu.externaltools.gnu-tools-for-stm32.12.3.rel1.win32_1.0.100.202403111256/tools/bin/../lib/gcc/arm-none-eabi/12.3.1/../../../../arm-none-eabi/lib/thumb/v7e-m+dp/hard\libc_nano.a(libc_a-init.o)
                0x0800923c                __libc_init_array
 *(.glue_7)
 .glue_7        0x08009284        0x0 linker stubs
 *(.glue_7t)
 .glue_7t       0x08009284        0x0 linker stubs
 *(.eh_frame)
 .eh_frame      0x08009284        0x0 D:/IDE/STM32CubeIDE_1.14.1/STM32CubeIDE/plugins/com.st.stm32cube.ide.mcu.externaltools.gnu-tools-for-stm32.12.3.rel1.win32_1.0.100.202403111256/tools/bin/../lib/gcc/arm-none-eabi/12.3.1/thumb/v7e-m+dp/hard/crtbegin.o
 *(.init)
 .init          0x08009284        0x4 D:/IDE/STM32CubeIDE_1.14.1/STM32CubeIDE/plugins/com.st.stm32cube.ide.mcu.externaltools.gnu-tools-for-stm32.12.3.rel1.win32_1.0.100.202403111256/tools/bin/../lib/gcc/arm-none-eabi/12.3.1/thumb/v7e-m+dp/hard/crti.o
                0x08009284                _init
 .init          0x08009288        0x8 D:/IDE/STM32CubeIDE_1.14.1/STM32CubeIDE/plugins/com.st.stm32cube.ide.mcu.externaltools.gnu-tools-for-stm32.12.3.rel1.win32_1.0.100.202403111256/tools/bin/../lib/gcc/arm-none-eabi/12.3.1/thumb/v7e-m+dp/hard/crtn.o
 *(.fini)
 .fini          0x08009290        0x4 D:/IDE/STM32CubeIDE_1.14.1/STM32CubeIDE/plugins/com.st.stm32cube.ide.mcu.externaltools.gnu-tools-for-stm32.12.3.rel1.win32_1.0.100.202403111256/tools/bin/../lib/gcc/arm-none-eabi/12.3.1/thumb/v7e-m+dp/hard/crti.o
                0x08009290                _fini
 .fini          0x08009294        0x8 D:/IDE/STM32CubeIDE_1.14.1/STM32CubeIDE/plugins/com.st.stm32cube.ide.mcu.externaltools.gnu-tools-for-stm32.12.3.rel1.win32_1.0.100.202403111256/tools/bin/../lib/gcc/arm-none-eabi/12.3.1/thumb/v7e-m+dp/hard/crtn.o
                0x0800929c                        . = ALIGN (0x4)
                0x0800929c                        _etext = .

.vfp11_veneer   0x0800929c        0x0
 .vfp11_veneer  0x0800929c        0x0 linker stubs

.v4_bx          0x0800929c        0x0
 .v4_bx         0x0800929c        0x0 linker stubs

.iplt           0x0800929c        0x0
 .iplt          0x0800929c        0x0 D:/IDE/STM32CubeIDE_1.14.1/STM32CubeIDE/plugins/com.st.stm32cube.ide.mcu.externaltools.gnu-tools-for-stm32.12.3.rel1.win32_1.0.100.202403111256/tools/bin/../lib/gcc/arm-none-eabi/12.3.1/thumb/v7e-m+dp/hard/crtbegin.o

.rodata         0x0800929c       0x40
                0x0800929c                        . = ALIGN (0x4)
 *(.rodata)
 *(.rodata*)
 .rodata.D1CorePrescTable
                0x0800929c       0x10 ./Core/Src/system_stm32h7xx.o
                0x0800929c                D1CorePrescTable
 .rodata.flagBitshiftOffset.0
                0x080092ac        0x8 ./Drivers/STM32H7xx_HAL_Driver/Src/stm32h7xx_hal_dma.o
 .rodata.UARTPrescTable
                0x080092b4       0x18 ./Drivers/STM32H7xx_HAL_Driver/Src/stm32h7xx_hal_uart.o
                0x080092b4                UARTPrescTable
 .rodata.numerator.1
                0x080092cc        0x8 ./Drivers/STM32H7xx_HAL_Driver/Src/stm32h7xx_hal_uart_ex.o
 .rodata.denominator.0
                0x080092d4        0x8 ./Drivers/STM32H7xx_HAL_Driver/Src/stm32h7xx_hal_uart_ex.o
                0x080092dc                        . = ALIGN (0x4)

.ARM.extab
 *(.ARM.extab* .gnu.linkonce.armextab.*)

.ARM            0x080092dc        0x8
                0x080092dc                        __exidx_start = .
 *(.ARM.exidx*)
 .ARM.exidx     0x080092dc        0x8 D:/IDE/STM32CubeIDE_1.14.1/STM32CubeIDE/plugins/com.st.stm32cube.ide.mcu.externaltools.gnu-tools-for-stm32.12.3.rel1.win32_1.0.100.202403111256/tools/bin/../lib/gcc/arm-none-eabi/12.3.1/thumb/v7e-m+dp/hard\libgcc.a(_udivmoddi4.o)
                0x080092e4                        __exidx_end = .

.preinit_array  0x080092e4        0x0
                0x080092e4                        PROVIDE (__preinit_array_start = .)
 *(.preinit_array*)
                0x080092e4                        PROVIDE (__preinit_array_end = .)

.init_array     0x080092e4        0x4
                0x080092e4                        PROVIDE (__init_array_start = .)
 *(SORT_BY_NAME(.init_array.*))
 *(.init_array*)
 .init_array    0x080092e4        0x4 D:/IDE/STM32CubeIDE_1.14.1/STM32CubeIDE/plugins/com.st.stm32cube.ide.mcu.externaltools.gnu-tools-for-stm32.12.3.rel1.win32_1.0.100.202403111256/tools/bin/../lib/gcc/arm-none-eabi/12.3.1/thumb/v7e-m+dp/hard/crtbegin.o
                0x080092e8                        PROVIDE (__init_array_end = .)

.fini_array     0x080092e8        0x4
                [!provide]                        PROVIDE (__fini_array_start = .)
 *(SORT_BY_NAME(.fini_array.*))
 *(.fini_array*)
 .fini_array    0x080092e8        0x4 D:/IDE/STM32CubeIDE_1.14.1/STM32CubeIDE/plugins/com.st.stm32cube.ide.mcu.externaltools.gnu-tools-for-stm32.12.3.rel1.win32_1.0.100.202403111256/tools/bin/../lib/gcc/arm-none-eabi/12.3.1/thumb/v7e-m+dp/hard/crtbegin.o
                [!provide]                        PROVIDE (__fini_array_end = .)
                0x080092ec                        _sidata = LOADADDR (.data)

.rel.dyn        0x080092ec        0x0
 .rel.iplt      0x080092ec        0x0 D:/IDE/STM32CubeIDE_1.14.1/STM32CubeIDE/plugins/com.st.stm32cube.ide.mcu.externaltools.gnu-tools-for-stm32.12.3.rel1.win32_1.0.100.202403111256/tools/bin/../lib/gcc/arm-none-eabi/12.3.1/thumb/v7e-m+dp/hard/crtbegin.o

.data           0x24000000       0x50 load address 0x080092ec
                0x24000000                        . = ALIGN (0x4)
                0x24000000                        _sdata = .
 *(.data)
 *(.data*)
 .data.message  0x24000000       0x3f ./Core/Src/main.o
                0x24000000                message
 *fill*         0x2400003f        0x1 
 .data.SystemCoreClock
                0x24000040        0x4 ./Core/Src/system_stm32h7xx.o
                0x24000040                SystemCoreClock
 .data.SystemD2Clock
                0x24000044        0x4 ./Core/Src/system_stm32h7xx.o
                0x24000044                SystemD2Clock
 .data.uwTickPrio
                0x24000048        0x4 ./Drivers/STM32H7xx_HAL_Driver/Src/stm32h7xx_hal.o
                0x24000048                uwTickPrio
 .data.uwTickFreq
                0x2400004c        0x1 ./Drivers/STM32H7xx_HAL_Driver/Src/stm32h7xx_hal.o
                0x2400004c                uwTickFreq
 *(.RamFunc)
 *(.RamFunc*)
                0x24000050                        . = ALIGN (0x4)
 *fill*         0x2400004d        0x3 
                0x24000050                        _edata = .

.igot.plt       0x24000050        0x0 load address 0x0800933c
 .igot.plt      0x24000050        0x0 D:/IDE/STM32CubeIDE_1.14.1/STM32CubeIDE/plugins/com.st.stm32cube.ide.mcu.externaltools.gnu-tools-for-stm32.12.3.rel1.win32_1.0.100.202403111256/tools/bin/../lib/gcc/arm-none-eabi/12.3.1/thumb/v7e-m+dp/hard/crtbegin.o
                0x24000050                        . = ALIGN (0x4)

.bss            0x24000050      0x1f0 load address 0x0800933c
                0x24000050                        _sbss = .
                0x24000050                        __bss_start__ = _sbss
 *(.bss)
 .bss           0x24000050       0x1c D:/IDE/STM32CubeIDE_1.14.1/STM32CubeIDE/plugins/com.st.stm32cube.ide.mcu.externaltools.gnu-tools-for-stm32.12.3.rel1.win32_1.0.100.202403111256/tools/bin/../lib/gcc/arm-none-eabi/12.3.1/thumb/v7e-m+dp/hard/crtbegin.o
 *(.bss*)
 .bss.htim6     0x2400006c       0x4c ./Core/Src/tim.o
                0x2400006c                htim6
 .bss.huart1    0x240000b8       0x94 ./Core/Src/usart.o
                0x240000b8                huart1
 .bss.hdma_usart1_rx
                0x2400014c       0x78 ./Core/Src/usart.o
                0x2400014c                hdma_usart1_rx
 .bss.hdma_usart1_tx
                0x240001c4       0x78 ./Core/Src/usart.o
                0x240001c4                hdma_usart1_tx
 .bss.uwTick    0x2400023c        0x4 ./Drivers/STM32H7xx_HAL_Driver/Src/stm32h7xx_hal.o
                0x2400023c                uwTick
 *(COMMON)
                0x24000240                        . = ALIGN (0x4)
                0x24000240                        _ebss = .
                0x24000240                        __bss_end__ = _ebss

._user_heap_stack
                0x24000240      0x600 load address 0x0800933c
                0x24000240                        . = ALIGN (0x8)
                [!provide]                        PROVIDE (end = .)
                0x24000240                        PROVIDE (_end = .)
                0x24000440                        . = (. + _Min_Heap_Size)
 *fill*         0x24000240      0x200 
                0x24000840                        . = (. + _Min_Stack_Size)
 *fill*         0x24000440      0x400 
                0x24000840                        . = ALIGN (0x8)

/DISCARD/
 libc.a(*)
 libm.a(*)
 libgcc.a(*)

.ARM.attributes
                0x00000000       0x2e
 *(.ARM.attributes)
 .ARM.attributes
                0x00000000       0x20 D:/IDE/STM32CubeIDE_1.14.1/STM32CubeIDE/plugins/com.st.stm32cube.ide.mcu.externaltools.gnu-tools-for-stm32.12.3.rel1.win32_1.0.100.202403111256/tools/bin/../lib/gcc/arm-none-eabi/12.3.1/thumb/v7e-m+dp/hard/crti.o
 .ARM.attributes
                0x00000020       0x32 D:/IDE/STM32CubeIDE_1.14.1/STM32CubeIDE/plugins/com.st.stm32cube.ide.mcu.externaltools.gnu-tools-for-stm32.12.3.rel1.win32_1.0.100.202403111256/tools/bin/../lib/gcc/arm-none-eabi/12.3.1/thumb/v7e-m+dp/hard/crtbegin.o
 .ARM.attributes
                0x00000052       0x32 ./Core/Src/dma.o
 .ARM.attributes
                0x00000084       0x32 ./Core/Src/gpio.o
 .ARM.attributes
                0x000000b6       0x32 ./Core/Src/main.o
 .ARM.attributes
                0x000000e8       0x32 ./Core/Src/stm32h7xx_hal_msp.o
 .ARM.attributes
                0x0000011a       0x32 ./Core/Src/stm32h7xx_it.o
 .ARM.attributes
                0x0000014c       0x32 ./Core/Src/system_stm32h7xx.o
 .ARM.attributes
                0x0000017e       0x32 ./Core/Src/tim.o
 .ARM.attributes
                0x000001b0       0x32 ./Core/Src/usart.o
 .ARM.attributes
                0x000001e2       0x21 ./Core/Startup/startup_stm32h743xihx.o
 .ARM.attributes
                0x00000203       0x32 ./Drivers/STM32H7xx_HAL_Driver/Src/stm32h7xx_hal.o
 .ARM.attributes
                0x00000235       0x32 ./Drivers/STM32H7xx_HAL_Driver/Src/stm32h7xx_hal_cortex.o
 .ARM.attributes
                0x00000267       0x32 ./Drivers/STM32H7xx_HAL_Driver/Src/stm32h7xx_hal_dma.o
 .ARM.attributes
                0x00000299       0x32 ./Drivers/STM32H7xx_HAL_Driver/Src/stm32h7xx_hal_gpio.o
 .ARM.attributes
                0x000002cb       0x32 ./Drivers/STM32H7xx_HAL_Driver/Src/stm32h7xx_hal_pwr_ex.o
 .ARM.attributes
                0x000002fd       0x32 ./Drivers/STM32H7xx_HAL_Driver/Src/stm32h7xx_hal_rcc.o
 .ARM.attributes
                0x0000032f       0x32 ./Drivers/STM32H7xx_HAL_Driver/Src/stm32h7xx_hal_rcc_ex.o
 .ARM.attributes
                0x00000361       0x32 ./Drivers/STM32H7xx_HAL_Driver/Src/stm32h7xx_hal_tim.o
 .ARM.attributes
                0x00000393       0x32 ./Drivers/STM32H7xx_HAL_Driver/Src/stm32h7xx_hal_tim_ex.o
 .ARM.attributes
                0x000003c5       0x32 ./Drivers/STM32H7xx_HAL_Driver/Src/stm32h7xx_hal_uart.o
 .ARM.attributes
                0x000003f7       0x32 ./Drivers/STM32H7xx_HAL_Driver/Src/stm32h7xx_hal_uart_ex.o
 .ARM.attributes
                0x00000429       0x32 D:/IDE/STM32CubeIDE_1.14.1/STM32CubeIDE/plugins/com.st.stm32cube.ide.mcu.externaltools.gnu-tools-for-stm32.12.3.rel1.win32_1.0.100.202403111256/tools/bin/../lib/gcc/arm-none-eabi/12.3.1/../../../../arm-none-eabi/lib/thumb/v7e-m+dp/hard\libc_nano.a(libc_a-memset.o)
 .ARM.attributes
                0x0000045b       0x32 D:/IDE/STM32CubeIDE_1.14.1/STM32CubeIDE/plugins/com.st.stm32cube.ide.mcu.externaltools.gnu-tools-for-stm32.12.3.rel1.win32_1.0.100.202403111256/tools/bin/../lib/gcc/arm-none-eabi/12.3.1/../../../../arm-none-eabi/lib/thumb/v7e-m+dp/hard\libc_nano.a(libc_a-init.o)
 .ARM.attributes
                0x0000048d       0x20 D:/IDE/STM32CubeIDE_1.14.1/STM32CubeIDE/plugins/com.st.stm32cube.ide.mcu.externaltools.gnu-tools-for-stm32.12.3.rel1.win32_1.0.100.202403111256/tools/bin/../lib/gcc/arm-none-eabi/12.3.1/thumb/v7e-m+dp/hard\libgcc.a(_aeabi_uldivmod.o)
 .ARM.attributes
                0x000004ad       0x32 D:/IDE/STM32CubeIDE_1.14.1/STM32CubeIDE/plugins/com.st.stm32cube.ide.mcu.externaltools.gnu-tools-for-stm32.12.3.rel1.win32_1.0.100.202403111256/tools/bin/../lib/gcc/arm-none-eabi/12.3.1/thumb/v7e-m+dp/hard\libgcc.a(_udivmoddi4.o)
 .ARM.attributes
                0x000004df       0x20 D:/IDE/STM32CubeIDE_1.14.1/STM32CubeIDE/plugins/com.st.stm32cube.ide.mcu.externaltools.gnu-tools-for-stm32.12.3.rel1.win32_1.0.100.202403111256/tools/bin/../lib/gcc/arm-none-eabi/12.3.1/thumb/v7e-m+dp/hard\libgcc.a(_dvmd_tls.o)
 .ARM.attributes
                0x000004ff       0x20 D:/IDE/STM32CubeIDE_1.14.1/STM32CubeIDE/plugins/com.st.stm32cube.ide.mcu.externaltools.gnu-tools-for-stm32.12.3.rel1.win32_1.0.100.202403111256/tools/bin/../lib/gcc/arm-none-eabi/12.3.1/thumb/v7e-m+dp/hard/crtn.o
OUTPUT(TIM.elf elf32-littlearm)
LOAD linker stubs
LOAD D:/IDE/STM32CubeIDE_1.14.1/STM32CubeIDE/plugins/com.st.stm32cube.ide.mcu.externaltools.gnu-tools-for-stm32.12.3.rel1.win32_1.0.100.202403111256/tools/bin/../lib/gcc/arm-none-eabi/12.3.1/../../../../arm-none-eabi/lib/thumb/v7e-m+dp/hard\libc.a
LOAD D:/IDE/STM32CubeIDE_1.14.1/STM32CubeIDE/plugins/com.st.stm32cube.ide.mcu.externaltools.gnu-tools-for-stm32.12.3.rel1.win32_1.0.100.202403111256/tools/bin/../lib/gcc/arm-none-eabi/12.3.1/../../../../arm-none-eabi/lib/thumb/v7e-m+dp/hard\libm.a
LOAD D:/IDE/STM32CubeIDE_1.14.1/STM32CubeIDE/plugins/com.st.stm32cube.ide.mcu.externaltools.gnu-tools-for-stm32.12.3.rel1.win32_1.0.100.202403111256/tools/bin/../lib/gcc/arm-none-eabi/12.3.1/thumb/v7e-m+dp/hard\libgcc.a

.debug_info     0x00000000    0x17329
 .debug_info    0x00000000      0x823 ./Core/Src/dma.o
 .debug_info    0x00000823      0x47d ./Core/Src/gpio.o
 .debug_info    0x00000ca0     0x160d ./Core/Src/main.o
 .debug_info    0x000022ad      0x464 ./Core/Src/stm32h7xx_hal_msp.o
 .debug_info    0x00002711      0xc4b ./Core/Src/stm32h7xx_it.o
 .debug_info    0x0000335c      0xcef ./Core/Src/system_stm32h7xx.o
 .debug_info    0x0000404b     0x1034 ./Core/Src/tim.o
 .debug_info    0x0000507f     0x153d ./Core/Src/usart.o
 .debug_info    0x000065bc       0x30 ./Core/Startup/startup_stm32h743xihx.o
 .debug_info    0x000065ec     0x153b ./Drivers/STM32H7xx_HAL_Driver/Src/stm32h7xx_hal.o
 .debug_info    0x00007b27     0x10ac ./Drivers/STM32H7xx_HAL_Driver/Src/stm32h7xx_hal_cortex.o
 .debug_info    0x00008bd3      0xc27 ./Drivers/STM32H7xx_HAL_Driver/Src/stm32h7xx_hal_dma.o
 .debug_info    0x000097fa      0xc4b ./Drivers/STM32H7xx_HAL_Driver/Src/stm32h7xx_hal_gpio.o
 .debug_info    0x0000a445     0x1008 ./Drivers/STM32H7xx_HAL_Driver/Src/stm32h7xx_hal_pwr_ex.o
 .debug_info    0x0000b44d      0xe5b ./Drivers/STM32H7xx_HAL_Driver/Src/stm32h7xx_hal_rcc.o
 .debug_info    0x0000c2a8     0x1216 ./Drivers/STM32H7xx_HAL_Driver/Src/stm32h7xx_hal_rcc_ex.o
 .debug_info    0x0000d4be     0x2bae ./Drivers/STM32H7xx_HAL_Driver/Src/stm32h7xx_hal_tim.o
 .debug_info    0x0001006c     0x17eb ./Drivers/STM32H7xx_HAL_Driver/Src/stm32h7xx_hal_tim_ex.o
 .debug_info    0x00011857     0x4b13 ./Drivers/STM32H7xx_HAL_Driver/Src/stm32h7xx_hal_uart.o
 .debug_info    0x0001636a      0xfbf ./Drivers/STM32H7xx_HAL_Driver/Src/stm32h7xx_hal_uart_ex.o

.debug_abbrev   0x00000000     0x2a13
 .debug_abbrev  0x00000000      0x11e ./Core/Src/dma.o
 .debug_abbrev  0x0000011e       0xe8 ./Core/Src/gpio.o
 .debug_abbrev  0x00000206      0x2c5 ./Core/Src/main.o
 .debug_abbrev  0x000004cb       0xdb ./Core/Src/stm32h7xx_hal_msp.o
 .debug_abbrev  0x000005a6      0x199 ./Core/Src/stm32h7xx_it.o
 .debug_abbrev  0x0000073f      0x14c ./Core/Src/system_stm32h7xx.o
 .debug_abbrev  0x0000088b      0x215 ./Core/Src/tim.o
 .debug_abbrev  0x00000aa0      0x25d ./Core/Src/usart.o
 .debug_abbrev  0x00000cfd       0x24 ./Core/Startup/startup_stm32h743xihx.o
 .debug_abbrev  0x00000d21      0x295 ./Drivers/STM32H7xx_HAL_Driver/Src/stm32h7xx_hal.o
 .debug_abbrev  0x00000fb6      0x339 ./Drivers/STM32H7xx_HAL_Driver/Src/stm32h7xx_hal_cortex.o
 .debug_abbrev  0x000012ef      0x248 ./Drivers/STM32H7xx_HAL_Driver/Src/stm32h7xx_hal_dma.o
 .debug_abbrev  0x00001537      0x1fe ./Drivers/STM32H7xx_HAL_Driver/Src/stm32h7xx_hal_gpio.o
 .debug_abbrev  0x00001735      0x2a7 ./Drivers/STM32H7xx_HAL_Driver/Src/stm32h7xx_hal_pwr_ex.o
 .debug_abbrev  0x000019dc      0x2c8 ./Drivers/STM32H7xx_HAL_Driver/Src/stm32h7xx_hal_rcc.o
 .debug_abbrev  0x00001ca4      0x269 ./Drivers/STM32H7xx_HAL_Driver/Src/stm32h7xx_hal_rcc_ex.o
 .debug_abbrev  0x00001f0d      0x276 ./Drivers/STM32H7xx_HAL_Driver/Src/stm32h7xx_hal_tim.o
 .debug_abbrev  0x00002183      0x281 ./Drivers/STM32H7xx_HAL_Driver/Src/stm32h7xx_hal_tim_ex.o
 .debug_abbrev  0x00002404      0x33d ./Drivers/STM32H7xx_HAL_Driver/Src/stm32h7xx_hal_uart.o
 .debug_abbrev  0x00002741      0x2d2 ./Drivers/STM32H7xx_HAL_Driver/Src/stm32h7xx_hal_uart_ex.o

.debug_aranges  0x00000000     0x10c0
 .debug_aranges
                0x00000000       0x20 ./Core/Src/dma.o
 .debug_aranges
                0x00000020       0x20 ./Core/Src/gpio.o
 .debug_aranges
                0x00000040       0x40 ./Core/Src/main.o
 .debug_aranges
                0x00000080       0x20 ./Core/Src/stm32h7xx_hal_msp.o
 .debug_aranges
                0x000000a0       0x80 ./Core/Src/stm32h7xx_it.o
 .debug_aranges
                0x00000120       0x28 ./Core/Src/system_stm32h7xx.o
 .debug_aranges
                0x00000148       0x30 ./Core/Src/tim.o
 .debug_aranges
                0x00000178       0x30 ./Core/Src/usart.o
 .debug_aranges
                0x000001a8       0x28 ./Core/Startup/startup_stm32h743xihx.o
 .debug_aranges
                0x000001d0      0x198 ./Drivers/STM32H7xx_HAL_Driver/Src/stm32h7xx_hal.o
 .debug_aranges
                0x00000368      0x130 ./Drivers/STM32H7xx_HAL_Driver/Src/stm32h7xx_hal_cortex.o
 .debug_aranges
                0x00000498       0xa0 ./Drivers/STM32H7xx_HAL_Driver/Src/stm32h7xx_hal_dma.o
 .debug_aranges
                0x00000538       0x58 ./Drivers/STM32H7xx_HAL_Driver/Src/stm32h7xx_hal_gpio.o
 .debug_aranges
                0x00000590      0x158 ./Drivers/STM32H7xx_HAL_Driver/Src/stm32h7xx_hal_pwr_ex.o
 .debug_aranges
                0x000006e8       0x88 ./Drivers/STM32H7xx_HAL_Driver/Src/stm32h7xx_hal_rcc.o
 .debug_aranges
                0x00000770       0xf8 ./Drivers/STM32H7xx_HAL_Driver/Src/stm32h7xx_hal_rcc_ex.o
 .debug_aranges
                0x00000868      0x3e0 ./Drivers/STM32H7xx_HAL_Driver/Src/stm32h7xx_hal_tim.o
 .debug_aranges
                0x00000c48      0x188 ./Drivers/STM32H7xx_HAL_Driver/Src/stm32h7xx_hal_tim_ex.o
 .debug_aranges
                0x00000dd0      0x248 ./Drivers/STM32H7xx_HAL_Driver/Src/stm32h7xx_hal_uart.o
 .debug_aranges
                0x00001018       0xa8 ./Drivers/STM32H7xx_HAL_Driver/Src/stm32h7xx_hal_uart_ex.o

.debug_rnglists
                0x00000000      0xd11
 .debug_rnglists
                0x00000000       0x13 ./Core/Src/dma.o
 .debug_rnglists
                0x00000013       0x13 ./Core/Src/gpio.o
 .debug_rnglists
                0x00000026       0x2c ./Core/Src/main.o
 .debug_rnglists
                0x00000052       0x13 ./Core/Src/stm32h7xx_hal_msp.o
 .debug_rnglists
                0x00000065       0x5b ./Core/Src/stm32h7xx_it.o
 .debug_rnglists
                0x000000c0       0x1b ./Core/Src/system_stm32h7xx.o
 .debug_rnglists
                0x000000db       0x1f ./Core/Src/tim.o
 .debug_rnglists
                0x000000fa       0x21 ./Core/Src/usart.o
 .debug_rnglists
                0x0000011b       0x19 ./Core/Startup/startup_stm32h743xihx.o
 .debug_rnglists
                0x00000134      0x131 ./Drivers/STM32H7xx_HAL_Driver/Src/stm32h7xx_hal.o
 .debug_rnglists
                0x00000265       0xe0 ./Drivers/STM32H7xx_HAL_Driver/Src/stm32h7xx_hal_cortex.o
 .debug_rnglists
                0x00000345       0x82 ./Drivers/STM32H7xx_HAL_Driver/Src/stm32h7xx_hal_dma.o
 .debug_rnglists
                0x000003c7       0x3f ./Drivers/STM32H7xx_HAL_Driver/Src/stm32h7xx_hal_gpio.o
 .debug_rnglists
                0x00000406      0x103 ./Drivers/STM32H7xx_HAL_Driver/Src/stm32h7xx_hal_pwr_ex.o
 .debug_rnglists
                0x00000509       0x68 ./Drivers/STM32H7xx_HAL_Driver/Src/stm32h7xx_hal_rcc.o
 .debug_rnglists
                0x00000571       0xc0 ./Drivers/STM32H7xx_HAL_Driver/Src/stm32h7xx_hal_rcc_ex.o
 .debug_rnglists
                0x00000631      0x328 ./Drivers/STM32H7xx_HAL_Driver/Src/stm32h7xx_hal_tim.o
 .debug_rnglists
                0x00000959      0x13f ./Drivers/STM32H7xx_HAL_Driver/Src/stm32h7xx_hal_tim_ex.o
 .debug_rnglists
                0x00000a98      0x1fa ./Drivers/STM32H7xx_HAL_Driver/Src/stm32h7xx_hal_uart.o
 .debug_rnglists
                0x00000c92       0x7f ./Drivers/STM32H7xx_HAL_Driver/Src/stm32h7xx_hal_uart_ex.o

.debug_macro    0x00000000    0x37614
 .debug_macro   0x00000000      0x2bb ./Core/Src/dma.o
 .debug_macro   0x000002bb      0xacc ./Core/Src/dma.o
 .debug_macro   0x00000d87      0x238 ./Core/Src/dma.o
 .debug_macro   0x00000fbf       0x2e ./Core/Src/dma.o
 .debug_macro   0x00000fed       0x3b ./Core/Src/dma.o
 .debug_macro   0x00001028       0x22 ./Core/Src/dma.o
 .debug_macro   0x0000104a       0x8e ./Core/Src/dma.o
 .debug_macro   0x000010d8       0x51 ./Core/Src/dma.o
 .debug_macro   0x00001129      0x103 ./Core/Src/dma.o
 .debug_macro   0x0000122c       0x6a ./Core/Src/dma.o
 .debug_macro   0x00001296      0x1df ./Core/Src/dma.o
 .debug_macro   0x00001475       0x1c ./Core/Src/dma.o
 .debug_macro   0x00001491       0x22 ./Core/Src/dma.o
 .debug_macro   0x000014b3       0xfb ./Core/Src/dma.o
 .debug_macro   0x000015ae     0x1305 ./Core/Src/dma.o
 .debug_macro   0x000028b3      0x11f ./Core/Src/dma.o
 .debug_macro   0x000029d2       0x27 ./Core/Src/dma.o
 .debug_macro   0x000029f9    0x258f9 ./Core/Src/dma.o
 .debug_macro   0x000282f2       0x6d ./Core/Src/dma.o
 .debug_macro   0x0002835f     0x3d79 ./Core/Src/dma.o
 .debug_macro   0x0002c0d8      0x189 ./Core/Src/dma.o
 .debug_macro   0x0002c261       0x61 ./Core/Src/dma.o
 .debug_macro   0x0002c2c2       0x29 ./Core/Src/dma.o
 .debug_macro   0x0002c2eb       0x43 ./Core/Src/dma.o
 .debug_macro   0x0002c32e       0x34 ./Core/Src/dma.o
 .debug_macro   0x0002c362       0x16 ./Core/Src/dma.o
 .debug_macro   0x0002c378       0x43 ./Core/Src/dma.o
 .debug_macro   0x0002c3bb       0x34 ./Core/Src/dma.o
 .debug_macro   0x0002c3ef       0x10 ./Core/Src/dma.o
 .debug_macro   0x0002c3ff       0x58 ./Core/Src/dma.o
 .debug_macro   0x0002c457       0x8e ./Core/Src/dma.o
 .debug_macro   0x0002c4e5       0x1c ./Core/Src/dma.o
 .debug_macro   0x0002c501      0x177 ./Core/Src/dma.o
 .debug_macro   0x0002c678      0x369 ./Core/Src/dma.o
 .debug_macro   0x0002c9e1      0x19b ./Core/Src/dma.o
 .debug_macro   0x0002cb7c       0x5d ./Core/Src/dma.o
 .debug_macro   0x0002cbd9     0x2382 ./Core/Src/dma.o
 .debug_macro   0x0002ef5b     0x102c ./Core/Src/dma.o
 .debug_macro   0x0002ff87      0x154 ./Core/Src/dma.o
 .debug_macro   0x000300db      0x114 ./Core/Src/dma.o
 .debug_macro   0x000301ef      0x3b6 ./Core/Src/dma.o
 .debug_macro   0x000305a5       0xac ./Core/Src/dma.o
 .debug_macro   0x00030651      0x72d ./Core/Src/dma.o
 .debug_macro   0x00030d7e      0x228 ./Core/Src/dma.o
 .debug_macro   0x00030fa6       0x66 ./Core/Src/dma.o
 .debug_macro   0x0003100c      0x3bb ./Core/Src/dma.o
 .debug_macro   0x000313c7      0x3e4 ./Core/Src/dma.o
 .debug_macro   0x000317ab      0x275 ./Core/Src/dma.o
 .debug_macro   0x00031a20      0x3ca ./Core/Src/dma.o
 .debug_macro   0x00031dea      0x408 ./Core/Src/dma.o
 .debug_macro   0x000321f2       0x51 ./Core/Src/dma.o
 .debug_macro   0x00032243       0x4a ./Core/Src/dma.o
 .debug_macro   0x0003228d      0x22c ./Core/Src/dma.o
 .debug_macro   0x000324b9       0x67 ./Core/Src/dma.o
 .debug_macro   0x00032520       0xa5 ./Core/Src/dma.o
 .debug_macro   0x000325c5      0x1c4 ./Core/Src/dma.o
 .debug_macro   0x00032789      0x25e ./Core/Src/dma.o
 .debug_macro   0x000329e7       0x35 ./Core/Src/dma.o
 .debug_macro   0x00032a1c      0xafa ./Core/Src/dma.o
 .debug_macro   0x00033516      0x29f ./Core/Src/dma.o
 .debug_macro   0x000337b5      0x693 ./Core/Src/dma.o
 .debug_macro   0x00033e48       0xa6 ./Core/Src/dma.o
 .debug_macro   0x00033eee      0x5a0 ./Core/Src/dma.o
 .debug_macro   0x0003448e      0x2bb ./Core/Src/gpio.o
 .debug_macro   0x00034749      0x2dd ./Core/Src/main.o
 .debug_macro   0x00034a26      0x2b1 ./Core/Src/stm32h7xx_hal_msp.o
 .debug_macro   0x00034cd7      0x2bb ./Core/Src/stm32h7xx_it.o
 .debug_macro   0x00034f92      0x2a7 ./Core/Src/system_stm32h7xx.o
 .debug_macro   0x00035239      0x2bb ./Core/Src/tim.o
 .debug_macro   0x000354f4      0x2bb ./Core/Src/usart.o
 .debug_macro   0x000357af      0x2d1 ./Drivers/STM32H7xx_HAL_Driver/Src/stm32h7xx_hal.o
 .debug_macro   0x00035a80      0x2a7 ./Drivers/STM32H7xx_HAL_Driver/Src/stm32h7xx_hal_cortex.o
 .debug_macro   0x00035d27      0x2fb ./Drivers/STM32H7xx_HAL_Driver/Src/stm32h7xx_hal_dma.o
 .debug_macro   0x00036022      0x2ae ./Drivers/STM32H7xx_HAL_Driver/Src/stm32h7xx_hal_gpio.o
 .debug_macro   0x000362d0      0x2e0 ./Drivers/STM32H7xx_HAL_Driver/Src/stm32h7xx_hal_pwr_ex.o
 .debug_macro   0x000365b0      0x2cb ./Drivers/STM32H7xx_HAL_Driver/Src/stm32h7xx_hal_rcc.o
 .debug_macro   0x0003687b      0x2c5 ./Drivers/STM32H7xx_HAL_Driver/Src/stm32h7xx_hal_rcc_ex.o
 .debug_macro   0x00036b40      0x2a8 ./Drivers/STM32H7xx_HAL_Driver/Src/stm32h7xx_hal_tim.o
 .debug_macro   0x00036de8      0x2a7 ./Drivers/STM32H7xx_HAL_Driver/Src/stm32h7xx_hal_tim_ex.o
 .debug_macro   0x0003708f      0x2d2 ./Drivers/STM32H7xx_HAL_Driver/Src/stm32h7xx_hal_uart.o
 .debug_macro   0x00037361      0x2b3 ./Drivers/STM32H7xx_HAL_Driver/Src/stm32h7xx_hal_uart_ex.o

.debug_line     0x00000000    0x18e54
 .debug_line    0x00000000      0x8e7 ./Core/Src/dma.o
 .debug_line    0x000008e7      0x8e6 ./Core/Src/gpio.o
 .debug_line    0x000011cd      0xa10 ./Core/Src/main.o
 .debug_line    0x00001bdd      0x8e8 ./Core/Src/stm32h7xx_hal_msp.o
 .debug_line    0x000024c5      0xa0c ./Core/Src/stm32h7xx_it.o
 .debug_line    0x00002ed1      0xaa5 ./Core/Src/system_stm32h7xx.o
 .debug_line    0x00003976      0x944 ./Core/Src/tim.o
 .debug_line    0x000042ba      0x9db ./Core/Src/usart.o
 .debug_line    0x00004c95       0x7a ./Core/Startup/startup_stm32h743xihx.o
 .debug_line    0x00004d0f      0xe9a ./Drivers/STM32H7xx_HAL_Driver/Src/stm32h7xx_hal.o
 .debug_line    0x00005ba9      0xec9 ./Drivers/STM32H7xx_HAL_Driver/Src/stm32h7xx_hal_cortex.o
 .debug_line    0x00006a72     0x27fd ./Drivers/STM32H7xx_HAL_Driver/Src/stm32h7xx_hal_dma.o
 .debug_line    0x0000926f      0xd72 ./Drivers/STM32H7xx_HAL_Driver/Src/stm32h7xx_hal_gpio.o
 .debug_line    0x00009fe1      0xfbd ./Drivers/STM32H7xx_HAL_Driver/Src/stm32h7xx_hal_pwr_ex.o
 .debug_line    0x0000af9e     0x146a ./Drivers/STM32H7xx_HAL_Driver/Src/stm32h7xx_hal_rcc.o
 .debug_line    0x0000c408     0x1d82 ./Drivers/STM32H7xx_HAL_Driver/Src/stm32h7xx_hal_rcc_ex.o
 .debug_line    0x0000e18a     0x4030 ./Drivers/STM32H7xx_HAL_Driver/Src/stm32h7xx_hal_tim.o
 .debug_line    0x000121ba     0x1e3a ./Drivers/STM32H7xx_HAL_Driver/Src/stm32h7xx_hal_tim_ex.o
 .debug_line    0x00013ff4     0x3f28 ./Drivers/STM32H7xx_HAL_Driver/Src/stm32h7xx_hal_uart.o
 .debug_line    0x00017f1c      0xf38 ./Drivers/STM32H7xx_HAL_Driver/Src/stm32h7xx_hal_uart_ex.o

.debug_str      0x00000000   0x162128
 .debug_str     0x00000000   0x15c76b ./Core/Src/dma.o
                             0x15cc10 (size before relaxing)
 .debug_str     0x0015c76b       0x2c ./Core/Src/gpio.o
                             0x15c3c4 (size before relaxing)
 .debug_str     0x0015c797      0xc01 ./Core/Src/main.o
                             0x15d0ee (size before relaxing)
 .debug_str     0x0015d398       0x2c ./Core/Src/stm32h7xx_hal_msp.o
                             0x15c3c4 (size before relaxing)
 .debug_str     0x0015d3c4      0x177 ./Core/Src/stm32h7xx_it.o
                             0x15cbc1 (size before relaxing)
 .debug_str     0x0015d53b      0x344 ./Core/Src/system_stm32h7xx.o
                             0x15c6f7 (size before relaxing)
 .debug_str     0x0015d87f       0xf8 ./Core/Src/tim.o
                             0x15d377 (size before relaxing)
 .debug_str     0x0015d977      0x478 ./Core/Src/usart.o
                             0x15d706 (size before relaxing)
 .debug_str     0x0015ddef       0x44 ./Core/Startup/startup_stm32h743xihx.o
                                 0x71 (size before relaxing)
 .debug_str     0x0015de33      0x7f9 ./Drivers/STM32H7xx_HAL_Driver/Src/stm32h7xx_hal.o
                             0x15d60d (size before relaxing)
 .debug_str     0x0015e62c      0x2b9 ./Drivers/STM32H7xx_HAL_Driver/Src/stm32h7xx_hal_cortex.o
                             0x15d048 (size before relaxing)
 .debug_str     0x0015e8e5      0x854 ./Drivers/STM32H7xx_HAL_Driver/Src/stm32h7xx_hal_dma.o
                             0x15ce31 (size before relaxing)
 .debug_str     0x0015f139      0x128 ./Drivers/STM32H7xx_HAL_Driver/Src/stm32h7xx_hal_gpio.o
                             0x15c6ae (size before relaxing)
 .debug_str     0x0015f261      0x642 ./Drivers/STM32H7xx_HAL_Driver/Src/stm32h7xx_hal_pwr_ex.o
                             0x15cb6f (size before relaxing)
 .debug_str     0x0015f8a3      0x22e ./Drivers/STM32H7xx_HAL_Driver/Src/stm32h7xx_hal_rcc.o
                             0x15ca92 (size before relaxing)
 .debug_str     0x0015fad1      0x64b ./Drivers/STM32H7xx_HAL_Driver/Src/stm32h7xx_hal_rcc_ex.o
                             0x15cf73 (size before relaxing)
 .debug_str     0x0016011c      0xe46 ./Drivers/STM32H7xx_HAL_Driver/Src/stm32h7xx_hal_tim.o
                             0x15d831 (size before relaxing)
 .debug_str     0x00160f62      0x590 ./Drivers/STM32H7xx_HAL_Driver/Src/stm32h7xx_hal_tim_ex.o
                             0x15d159 (size before relaxing)
 .debug_str     0x001614f2      0x9d0 ./Drivers/STM32H7xx_HAL_Driver/Src/stm32h7xx_hal_uart.o
                             0x15d5d3 (size before relaxing)
 .debug_str     0x00161ec2      0x266 ./Drivers/STM32H7xx_HAL_Driver/Src/stm32h7xx_hal_uart_ex.o
                             0x15cb93 (size before relaxing)

.comment        0x00000000       0x43
 .comment       0x00000000       0x43 ./Core/Src/dma.o
                                 0x44 (size before relaxing)
 .comment       0x00000043       0x44 ./Core/Src/gpio.o
 .comment       0x00000043       0x44 ./Core/Src/main.o
 .comment       0x00000043       0x44 ./Core/Src/stm32h7xx_hal_msp.o
 .comment       0x00000043       0x44 ./Core/Src/stm32h7xx_it.o
 .comment       0x00000043       0x44 ./Core/Src/system_stm32h7xx.o
 .comment       0x00000043       0x44 ./Core/Src/tim.o
 .comment       0x00000043       0x44 ./Core/Src/usart.o
 .comment       0x00000043       0x44 ./Drivers/STM32H7xx_HAL_Driver/Src/stm32h7xx_hal.o
 .comment       0x00000043       0x44 ./Drivers/STM32H7xx_HAL_Driver/Src/stm32h7xx_hal_cortex.o
 .comment       0x00000043       0x44 ./Drivers/STM32H7xx_HAL_Driver/Src/stm32h7xx_hal_dma.o
 .comment       0x00000043       0x44 ./Drivers/STM32H7xx_HAL_Driver/Src/stm32h7xx_hal_gpio.o
 .comment       0x00000043       0x44 ./Drivers/STM32H7xx_HAL_Driver/Src/stm32h7xx_hal_pwr_ex.o
 .comment       0x00000043       0x44 ./Drivers/STM32H7xx_HAL_Driver/Src/stm32h7xx_hal_rcc.o
 .comment       0x00000043       0x44 ./Drivers/STM32H7xx_HAL_Driver/Src/stm32h7xx_hal_rcc_ex.o
 .comment       0x00000043       0x44 ./Drivers/STM32H7xx_HAL_Driver/Src/stm32h7xx_hal_tim.o
 .comment       0x00000043       0x44 ./Drivers/STM32H7xx_HAL_Driver/Src/stm32h7xx_hal_tim_ex.o
 .comment       0x00000043       0x44 ./Drivers/STM32H7xx_HAL_Driver/Src/stm32h7xx_hal_uart.o
 .comment       0x00000043       0x44 ./Drivers/STM32H7xx_HAL_Driver/Src/stm32h7xx_hal_uart_ex.o

.debug_frame    0x00000000     0x4630
 .debug_frame   0x00000000       0x34 ./Core/Src/dma.o
 .debug_frame   0x00000034       0x38 ./Core/Src/gpio.o
 .debug_frame   0x0000006c       0xb4 ./Core/Src/main.o
 .debug_frame   0x00000120       0x38 ./Core/Src/stm32h7xx_hal_msp.o
 .debug_frame   0x00000158      0x174 ./Core/Src/stm32h7xx_it.o
 .debug_frame   0x000002cc       0x58 ./Core/Src/system_stm32h7xx.o
 .debug_frame   0x00000324       0x7c ./Core/Src/tim.o
 .debug_frame   0x000003a0       0x78 ./Core/Src/usart.o
 .debug_frame   0x00000418      0x690 ./Drivers/STM32H7xx_HAL_Driver/Src/stm32h7xx_hal.o
 .debug_frame   0x00000aa8      0x508 ./Drivers/STM32H7xx_HAL_Driver/Src/stm32h7xx_hal_cortex.o
 .debug_frame   0x00000fb0      0x2b4 ./Drivers/STM32H7xx_HAL_Driver/Src/stm32h7xx_hal_dma.o
 .debug_frame   0x00001264      0x14c ./Drivers/STM32H7xx_HAL_Driver/Src/stm32h7xx_hal_gpio.o
 .debug_frame   0x000013b0      0x580 ./Drivers/STM32H7xx_HAL_Driver/Src/stm32h7xx_hal_pwr_ex.o
 .debug_frame   0x00001930      0x1f8 ./Drivers/STM32H7xx_HAL_Driver/Src/stm32h7xx_hal_rcc.o
 .debug_frame   0x00001b28      0x414 ./Drivers/STM32H7xx_HAL_Driver/Src/stm32h7xx_hal_rcc_ex.o
 .debug_frame   0x00001f3c     0x121c ./Drivers/STM32H7xx_HAL_Driver/Src/stm32h7xx_hal_tim.o
 .debug_frame   0x00003158      0x6d8 ./Drivers/STM32H7xx_HAL_Driver/Src/stm32h7xx_hal_tim_ex.o
 .debug_frame   0x00003830      0xa94 ./Drivers/STM32H7xx_HAL_Driver/Src/stm32h7xx_hal_uart.o
 .debug_frame   0x000042c4      0x2c0 ./Drivers/STM32H7xx_HAL_Driver/Src/stm32h7xx_hal_uart_ex.o
 .debug_frame   0x00004584       0x20 D:/IDE/STM32CubeIDE_1.14.1/STM32CubeIDE/plugins/com.st.stm32cube.ide.mcu.externaltools.gnu-tools-for-stm32.12.3.rel1.win32_1.0.100.202403111256/tools/bin/../lib/gcc/arm-none-eabi/12.3.1/../../../../arm-none-eabi/lib/thumb/v7e-m+dp/hard\libc_nano.a(libc_a-memset.o)
 .debug_frame   0x000045a4       0x2c D:/IDE/STM32CubeIDE_1.14.1/STM32CubeIDE/plugins/com.st.stm32cube.ide.mcu.externaltools.gnu-tools-for-stm32.12.3.rel1.win32_1.0.100.202403111256/tools/bin/../lib/gcc/arm-none-eabi/12.3.1/../../../../arm-none-eabi/lib/thumb/v7e-m+dp/hard\libc_nano.a(libc_a-init.o)
 .debug_frame   0x000045d0       0x2c D:/IDE/STM32CubeIDE_1.14.1/STM32CubeIDE/plugins/com.st.stm32cube.ide.mcu.externaltools.gnu-tools-for-stm32.12.3.rel1.win32_1.0.100.202403111256/tools/bin/../lib/gcc/arm-none-eabi/12.3.1/thumb/v7e-m+dp/hard\libgcc.a(_aeabi_uldivmod.o)
 .debug_frame   0x000045fc       0x34 D:/IDE/STM32CubeIDE_1.14.1/STM32CubeIDE/plugins/com.st.stm32cube.ide.mcu.externaltools.gnu-tools-for-stm32.12.3.rel1.win32_1.0.100.202403111256/tools/bin/../lib/gcc/arm-none-eabi/12.3.1/thumb/v7e-m+dp/hard\libgcc.a(_udivmoddi4.o)

.debug_line_str
                0x00000000       0x55
 .debug_line_str
                0x00000000       0x55 ./Core/Startup/startup_stm32h743xihx.o
