../Core/Src/oled.c:50:6:OLED_Send	24	static
../Core/Src/oled.c:58:6:OLED_SendCmd	16	static
../Core/Src/oled.c:71:6:OLED_Init	8	static
../Core/Src/oled.c:128:6:OLED_DisPlay_On	8	static
../Core/Src/oled.c:138:6:OLED_DisPlay_Off	8	static
../Core/Src/oled.c:150:6:OLED_SetColorMode	16	static
../Core/Src/oled.c:167:6:OLED_NewFrame	8	static
../Core/Src/oled.c:176:6:OLED_ShowFrame	16	static
../Core/Src/oled.c:196:6:OLED_SetPixel	16	static
../Core/Src/oled.c:222:6:OLED_SetByte_Fine	16	static
../Core/Src/oled.c:248:6:OLED_SetByte	16	static
../Core/Src/oled.c:268:6:OLED_SetBits_Fine	40	static
../Core/Src/oled.c:296:6:OLED_SetBits	40	static
../Core/Src/oled.c:318:6:OLED_SetBlock	40	static
../Core/Src/oled.c:358:6:OLED_DrawLine	40	static
../Core/Src/oled.c:434:6:OLED_DrawRectangle	32	static
../Core/Src/oled.c:450:6:OLED_DrawFilledRectangle	40	static
../Core/Src/oled.c:468:6:OLED_DrawTriangle	32	static
../Core/Src/oled.c:485:6:OLED_DrawFilledTriangle	40	static
../Core/Src/oled.c:525:6:OLED_DrawCircle	32	static
../Core/Src/oled.c:561:6:OLED_DrawFilledCircle	40	static
../Core/Src/oled.c:596:6:OLED_DrawEllipse	48	static
../Core/Src/oled.c:645:6:OLED_DrawImage	32	static
../Core/Src/oled.c:660:6:OLED_PrintASCIIChar	32	static
../Core/Src/oled.c:673:6:OLED_PrintASCIIString	40	static
../Core/Src/oled.c:687:9:_OLED_GetUTF8Len	16	static
../Core/Src/oled.c:732:6:OLED_PrintString	56	static
