Archive member included to satisfy reference by file (symbol)

D:/IDE/STM32CubeIDE_1.14.1/STM32CubeIDE/plugins/com.st.stm32cube.ide.mcu.externaltools.gnu-tools-for-stm32.12.3.rel1.win32_1.0.100.202403111256/tools/bin/../lib/gcc/arm-none-eabi/12.3.1/../../../../arm-none-eabi/lib/thumb/v7e-m+dp/hard\libc_nano.a(libc_a-exit.o)
                              D:/IDE/STM32CubeIDE_1.14.1/STM32CubeIDE/plugins/com.st.stm32cube.ide.mcu.externaltools.gnu-tools-for-stm32.12.3.rel1.win32_1.0.100.202403111256/tools/bin/../lib/gcc/arm-none-eabi/12.3.1/../../../../arm-none-eabi/lib/thumb/v7e-m+dp/hard/crt0.o (exit)
D:/IDE/STM32CubeIDE_1.14.1/STM32CubeIDE/plugins/com.st.stm32cube.ide.mcu.externaltools.gnu-tools-for-stm32.12.3.rel1.win32_1.0.100.202403111256/tools/bin/../lib/gcc/arm-none-eabi/12.3.1/../../../../arm-none-eabi/lib/thumb/v7e-m+dp/hard\libc_nano.a(libc_a-findfp.o)
                              D:/IDE/STM32CubeIDE_1.14.1/STM32CubeIDE/plugins/com.st.stm32cube.ide.mcu.externaltools.gnu-tools-for-stm32.12.3.rel1.win32_1.0.100.202403111256/tools/bin/../lib/gcc/arm-none-eabi/12.3.1/../../../../arm-none-eabi/lib/thumb/v7e-m+dp/hard\libc_nano.a(libc_a-exit.o) (__stdio_exit_handler)
D:/IDE/STM32CubeIDE_1.14.1/STM32CubeIDE/plugins/com.st.stm32cube.ide.mcu.externaltools.gnu-tools-for-stm32.12.3.rel1.win32_1.0.100.202403111256/tools/bin/../lib/gcc/arm-none-eabi/12.3.1/../../../../arm-none-eabi/lib/thumb/v7e-m+dp/hard\libc_nano.a(libc_a-fwalk.o)
                              D:/IDE/STM32CubeIDE_1.14.1/STM32CubeIDE/plugins/com.st.stm32cube.ide.mcu.externaltools.gnu-tools-for-stm32.12.3.rel1.win32_1.0.100.202403111256/tools/bin/../lib/gcc/arm-none-eabi/12.3.1/../../../../arm-none-eabi/lib/thumb/v7e-m+dp/hard\libc_nano.a(libc_a-findfp.o) (_fwalk_sglue)
D:/IDE/STM32CubeIDE_1.14.1/STM32CubeIDE/plugins/com.st.stm32cube.ide.mcu.externaltools.gnu-tools-for-stm32.12.3.rel1.win32_1.0.100.202403111256/tools/bin/../lib/gcc/arm-none-eabi/12.3.1/../../../../arm-none-eabi/lib/thumb/v7e-m+dp/hard\libc_nano.a(libc_a-stdio.o)
                              D:/IDE/STM32CubeIDE_1.14.1/STM32CubeIDE/plugins/com.st.stm32cube.ide.mcu.externaltools.gnu-tools-for-stm32.12.3.rel1.win32_1.0.100.202403111256/tools/bin/../lib/gcc/arm-none-eabi/12.3.1/../../../../arm-none-eabi/lib/thumb/v7e-m+dp/hard\libc_nano.a(libc_a-findfp.o) (__sread)
D:/IDE/STM32CubeIDE_1.14.1/STM32CubeIDE/plugins/com.st.stm32cube.ide.mcu.externaltools.gnu-tools-for-stm32.12.3.rel1.win32_1.0.100.202403111256/tools/bin/../lib/gcc/arm-none-eabi/12.3.1/../../../../arm-none-eabi/lib/thumb/v7e-m+dp/hard\libc_nano.a(libc_a-memset.o)
                              D:/IDE/STM32CubeIDE_1.14.1/STM32CubeIDE/plugins/com.st.stm32cube.ide.mcu.externaltools.gnu-tools-for-stm32.12.3.rel1.win32_1.0.100.202403111256/tools/bin/../lib/gcc/arm-none-eabi/12.3.1/../../../../arm-none-eabi/lib/thumb/v7e-m+dp/hard/crt0.o (memset)
D:/IDE/STM32CubeIDE_1.14.1/STM32CubeIDE/plugins/com.st.stm32cube.ide.mcu.externaltools.gnu-tools-for-stm32.12.3.rel1.win32_1.0.100.202403111256/tools/bin/../lib/gcc/arm-none-eabi/12.3.1/../../../../arm-none-eabi/lib/thumb/v7e-m+dp/hard\libc_nano.a(libc_a-closer.o)
                              D:/IDE/STM32CubeIDE_1.14.1/STM32CubeIDE/plugins/com.st.stm32cube.ide.mcu.externaltools.gnu-tools-for-stm32.12.3.rel1.win32_1.0.100.202403111256/tools/bin/../lib/gcc/arm-none-eabi/12.3.1/../../../../arm-none-eabi/lib/thumb/v7e-m+dp/hard\libc_nano.a(libc_a-stdio.o) (_close_r)
D:/IDE/STM32CubeIDE_1.14.1/STM32CubeIDE/plugins/com.st.stm32cube.ide.mcu.externaltools.gnu-tools-for-stm32.12.3.rel1.win32_1.0.100.202403111256/tools/bin/../lib/gcc/arm-none-eabi/12.3.1/../../../../arm-none-eabi/lib/thumb/v7e-m+dp/hard\libc_nano.a(libc_a-reent.o)
                              D:/IDE/STM32CubeIDE_1.14.1/STM32CubeIDE/plugins/com.st.stm32cube.ide.mcu.externaltools.gnu-tools-for-stm32.12.3.rel1.win32_1.0.100.202403111256/tools/bin/../lib/gcc/arm-none-eabi/12.3.1/../../../../arm-none-eabi/lib/thumb/v7e-m+dp/hard\libc_nano.a(libc_a-closer.o) (errno)
D:/IDE/STM32CubeIDE_1.14.1/STM32CubeIDE/plugins/com.st.stm32cube.ide.mcu.externaltools.gnu-tools-for-stm32.12.3.rel1.win32_1.0.100.202403111256/tools/bin/../lib/gcc/arm-none-eabi/12.3.1/../../../../arm-none-eabi/lib/thumb/v7e-m+dp/hard\libc_nano.a(libc_a-impure.o)
                              D:/IDE/STM32CubeIDE_1.14.1/STM32CubeIDE/plugins/com.st.stm32cube.ide.mcu.externaltools.gnu-tools-for-stm32.12.3.rel1.win32_1.0.100.202403111256/tools/bin/../lib/gcc/arm-none-eabi/12.3.1/../../../../arm-none-eabi/lib/thumb/v7e-m+dp/hard\libc_nano.a(libc_a-reent.o) (_impure_ptr)
D:/IDE/STM32CubeIDE_1.14.1/STM32CubeIDE/plugins/com.st.stm32cube.ide.mcu.externaltools.gnu-tools-for-stm32.12.3.rel1.win32_1.0.100.202403111256/tools/bin/../lib/gcc/arm-none-eabi/12.3.1/../../../../arm-none-eabi/lib/thumb/v7e-m+dp/hard\libc_nano.a(libc_a-lseekr.o)
[...]
Memory Configuration

Name             Origin             Length             Attributes
FLASH            0x08000000         0x00200000         xr
DTCMRAM          0x20000000         0x00020000         xrw
RAM_D1           0x24000000         0x00080000         xrw
RAM_D2           0x30000000         0x00048000         xrw
RAM_D3           0x38000000         0x00010000         xrw
ITCMRAM          0x00000000         0x00010000         xrw
*default*        0x00000000         0xffffffff

Linker script and memory map

LOAD D:/IDE/STM32CubeIDE_1.14.1/STM32CubeIDE/plugins/com.st.stm32cube.ide.mcu.externaltools.gnu-tools-for-stm32.12.3.rel1.win32_1.0.100.202403111256/tools/bin/../lib/gcc/arm-none-eabi/12.3.1/thumb/v7e-m+dp/hard/crti.o
LOAD D:/IDE/STM32CubeIDE_1.14.1/STM32CubeIDE/plugins/com.st.stm32cube.ide.mcu.externaltools.gnu-tools-for-stm32.12.3.rel1.win32_1.0.100.202403111256/tools/bin/../lib/gcc/arm-none-eabi/12.3.1/thumb/v7e-m+dp/hard/crtbegin.o
LOAD D:/IDE/STM32CubeIDE_1.14.1/STM32CubeIDE/plugins/com.st.stm32cube.ide.mcu.externaltools.gnu-tools-for-stm32.12.3.rel1.win32_1.0.100.202403111256/tools/bin/../lib/gcc/arm-none-eabi/12.3.1/../../../../arm-none-eabi/lib/thumb/v7e-m+dp/hard/crt0.o
LOAD ./Core/Src/main.o
LOAD ./Core/Src/stm32h7xx_hal_msp.o
LOAD ./Core/Src/stm32h7xx_it.o
LOAD ./Core/Src/syscalls.o
LOAD ./Core/Src/sysmem.o
LOAD ./Core/Src/system_stm32h7xx.o
LOAD ./Core/Startup/startup_stm32h743xihx.o
LOAD ./Drivers/STM32H7xx_HAL_Driver/Src/stm32h7xx_hal.o
LOAD ./Drivers/STM32H7xx_HAL_Driver/Src/stm32h7xx_hal_adc.o
LOAD ./Drivers/STM32H7xx_HAL_Driver/Src/stm32h7xx_hal_adc_ex.o
LOAD ./Drivers/STM32H7xx_HAL_Driver/Src/stm32h7xx_hal_cortex.o
LOAD ./Drivers/STM32H7xx_HAL_Driver/Src/stm32h7xx_hal_dma.o
LOAD ./Drivers/STM32H7xx_HAL_Driver/Src/stm32h7xx_hal_dma_ex.o
LOAD ./Drivers/STM32H7xx_HAL_Driver/Src/stm32h7xx_hal_exti.o
LOAD ./Drivers/STM32H7xx_HAL_Driver/Src/stm32h7xx_hal_flash.o
LOAD ./Drivers/STM32H7xx_HAL_Driver/Src/stm32h7xx_hal_flash_ex.o
LOAD ./Drivers/STM32H7xx_HAL_Driver/Src/stm32h7xx_hal_gpio.o
LOAD ./Drivers/STM32H7xx_HAL_Driver/Src/stm32h7xx_hal_hsem.o
LOAD ./Drivers/STM32H7xx_HAL_Driver/Src/stm32h7xx_hal_i2c.o
LOAD ./Drivers/STM32H7xx_HAL_Driver/Src/stm32h7xx_hal_i2c_ex.o
LOAD ./Drivers/STM32H7xx_HAL_Driver/Src/stm32h7xx_hal_mdma.o
LOAD ./Drivers/STM32H7xx_HAL_Driver/Src/stm32h7xx_hal_pwr.o
LOAD ./Drivers/STM32H7xx_HAL_Driver/Src/stm32h7xx_hal_pwr_ex.o
LOAD ./Drivers/STM32H7xx_HAL_Driver/Src/stm32h7xx_hal_rcc.o
LOAD ./Drivers/STM32H7xx_HAL_Driver/Src/stm32h7xx_hal_rcc_ex.o
LOAD ./Drivers/STM32H7xx_HAL_Driver/Src/stm32h7xx_hal_tim.o
LOAD ./Drivers/STM32H7xx_HAL_Driver/Src/stm32h7xx_hal_tim_ex.o
START GROUP
LOAD D:/IDE/STM32CubeIDE_1.14.1/STM32CubeIDE/plugins/com.st.stm32cube.ide.mcu.externaltools.gnu-tools-for-stm32.12.3.rel1.win32_1.0.100.202403111256/tools/bin/../lib/gcc/arm-none-eabi/12.3.1/../../../../arm-none-eabi/lib/thumb/v7e-m+dp/hard\libc_nano.a
LOAD D:/IDE/STM32CubeIDE_1.14.1/STM32CubeIDE/plugins/com.st.stm32cube.ide.mcu.externaltools.gnu-tools-for-stm32.12.3.rel1.win32_1.0.100.202403111256/tools/bin/../lib/gcc/arm-none-eabi/12.3.1/../../../../arm-none-eabi/lib/thumb/v7e-m+dp/hard\libm.a
END GROUP
START GROUP
LOAD D:/IDE/STM32CubeIDE_1.14.1/STM32CubeIDE/plugins/com.st.stm32cube.ide.mcu.externaltools.gnu-tools-for-stm32.12.3.rel1.win32_1.0.100.202403111256/tools/bin/../lib/gcc/arm-none-eabi/12.3.1/thumb/v7e-m+dp/hard\libgcc.a
LOAD D:/IDE/STM32CubeIDE_1.14.1/STM32CubeIDE/plugins/com.st.stm32cube.ide.mcu.externaltools.gnu-tools-for-stm32.12.3.rel1.win32_1.0.100.202403111256/tools/bin/../lib/gcc/arm-none-eabi/12.3.1/../../../../arm-none-eabi/lib/thumb/v7e-m+dp/hard\libc_nano.a
END GROUP
START GROUP
LOAD D:/IDE/STM32CubeIDE_1.14.1/STM32CubeIDE/plugins/com.st.stm32cube.ide.mcu.externaltools.gnu-tools-for-stm32.12.3.rel1.win32_1.0.100.202403111256/tools/bin/../lib/gcc/arm-none-eabi/12.3.1/thumb/v7e-m+dp/hard\libgcc.a
LOAD D:/IDE/STM32CubeIDE_1.14.1/STM32CubeIDE/plugins/com.st.stm32cube.ide.mcu.externaltools.gnu-tools-for-stm32.12.3.rel1.win32_1.0.100.202403111256/tools/bin/../lib/gcc/arm-none-eabi/12.3.1/../../../../arm-none-eabi/lib/thumb/v7e-m+dp/hard\libc_nano.a
LOAD D:/IDE/STM32CubeIDE_1.14.1/STM32CubeIDE/plugins/com.st.stm32cube.ide.mcu.externaltools.gnu-tools-for-stm32.12.3.rel1.win32_1.0.100.202403111256/tools/bin/../lib/gcc/arm-none-eabi/12.3.1/../../../../arm-none-eabi/lib/thumb/v7e-m+dp/hard\libnosys.a
END GROUP
START GROUP
LOAD D:/IDE/STM32CubeIDE_1.14.1/STM32CubeIDE/plugins/com.st.stm32cube.ide.mcu.externaltools.gnu-tools-for-stm32.12.3.rel1.win32_1.0.100.202403111256/tools/bin/../lib/gcc/arm-none-eabi/12.3.1/thumb/v7e-m+dp/hard\libgcc.a
LOAD D:/IDE/STM32CubeIDE_1.14.1/STM32CubeIDE/plugins/com.st.stm32cube.ide.mcu.externaltools.gnu-tools-for-stm32.12.3.rel1.win32_1.0.100.202403111256/tools/bin/../lib/gcc/arm-none-eabi/12.3.1/../../../../arm-none-eabi/lib/thumb/v7e-m+dp/hard\libc_nano.a
LOAD D:/IDE/STM32CubeIDE_1.14.1/STM32CubeIDE/plugins/com.st.stm32cube.ide.mcu.externaltools.gnu-tools-for-stm32.12.3.rel1.win32_1.0.100.202403111256/tools/bin/../lib/gcc/arm-none-eabi/12.3.1/../../../../arm-none-eabi/lib/thumb/v7e-m+dp/hard\libnosys.a
END GROUP
LOAD D:/IDE/STM32CubeIDE_1.14.1/STM32CubeIDE/plugins/com.st.stm32cube.ide.mcu.externaltools.gnu-tools-for-stm32.12.3.rel1.win32_1.0.100.202403111256/tools/bin/../lib/gcc/arm-none-eabi/12.3.1/thumb/v7e-m+dp/hard/crtend.o
LOAD D:/IDE/STM32CubeIDE_1.14.1/STM32CubeIDE/plugins/com.st.stm32cube.ide.mcu.externaltools.gnu-tools-for-stm32.12.3.rel1.win32_1.0.100.202403111256/tools/bin/../lib/gcc/arm-none-eabi/12.3.1/thumb/v7e-m+dp/hard/crtn.o
                0x24080000                        _estack = (ORIGIN (RAM_D1) + LENGTH (RAM_D1))
                0x00000200                        _Min_Heap_Size = 0x200
                0x00000400                        _Min_Stack_Size = 0x400

.isr_vector     0x08000000      0x298
                0x08000000                        . = ALIGN (0x4)
 *(.isr_vector)
 .isr_vector    0x08000000      0x298 ./Core/Startup/startup_stm32h743xihx.o
                0x08000000                g_pfnVectors
                0x08000298                        . = ALIGN (0x4)

.text           0x08000298     0x7884
                0x08000298                        . = ALIGN (0x4)
 *(.text)
 .text          0x08000298       0x40 D:/IDE/STM32CubeIDE_1.14.1/STM32CubeIDE/plugins/com.st.stm32cube.ide.mcu.externaltools.gnu-tools-for-stm32.12.3.rel1.win32_1.0.100.202403111256/tools/bin/../lib/gcc/arm-none-eabi/12.3.1/thumb/v7e-m+dp/hard/crtbegin.o
 *(.text*)
 .text.main     0x080002d8      0x130 ./Core/Src/main.o
                0x080002d8                main
 .text.SystemClock_Config
                0x08000408      0x160 ./Core/Src/main.o
                0x08000408                SystemClock_Config
 .text.PeriphCommonClock_Config
                0x08000568       0x3c ./Core/Src/main.o
                0x08000568                PeriphCommonClock_Config
 .text.MX_ADC3_Init
                0x080005a4       0xc4 ./Core/Src/main.o
 .text.MX_TIM1_Init
                0x08000668      0x174 ./Core/Src/main.o
 .text.MX_GPIO_Init
                0x080007dc       0xb8 ./Core/Src/main.o
 .text.MPU_Config
                0x08000894       0x58 ./Core/Src/main.o
 .text.Error_Handler
                0x080008ec        0xc ./Core/Src/main.o
                0x080008ec                Error_Handler
 .text.HAL_MspInit
                0x080008f8       0x34 ./Core/Src/stm32h7xx_hal_msp.o
                0x080008f8                HAL_MspInit
 .text.HAL_ADC_MspInit
                0x0800092c       0xa0 ./Core/Src/stm32h7xx_hal_msp.o
                0x0800092c                HAL_ADC_MspInit
 .text.HAL_TIM_Base_MspInit
                0x080009cc       0x44 ./Core/Src/stm32h7xx_hal_msp.o
                0x080009cc                HAL_TIM_Base_MspInit
 .text.HAL_TIM_MspPostInit
                0x08000a10       0x78 ./Core/Src/stm32h7xx_hal_msp.o
                0x08000a10                HAL_TIM_MspPostInit
 .text.NMI_Handler
                0x08000a88        0x8 ./Core/Src/stm32h7xx_it.o
                0x08000a88                NMI_Handler
 .text.HardFault_Handler
                0x08000a90        0x8 ./Core/Src/stm32h7xx_it.o
                0x08000a90                HardFault_Handler
 .text.MemManage_Handler
                0x08000a98        0x8 ./Core/Src/stm32h7xx_it.o
                0x08000a98                MemManage_Handler
 .text.BusFault_Handler
                0x08000aa0        0x8 ./Core/Src/stm32h7xx_it.o
                0x08000aa0                BusFault_Handler
 .text.UsageFault_Handler
                0x08000aa8        0x8 ./Core/Src/stm32h7xx_it.o
                0x08000aa8                UsageFault_Handler
 .text.SVC_Handler
                0x08000ab0        0xe ./Core/Src/stm32h7xx_it.o
                0x08000ab0                SVC_Handler
 .text.DebugMon_Handler
                0x08000abe        0xe ./Core/Src/stm32h7xx_it.o
                0x08000abe                DebugMon_Handler
 .text.PendSV_Handler
                0x08000acc        0xe ./Core/Src/stm32h7xx_it.o
                0x08000acc                PendSV_Handler
 .text.SysTick_Handler
                0x08000ada        0xc ./Core/Src/stm32h7xx_it.o
                0x08000ada                SysTick_Handler
 *fill*         0x08000ae6        0x2 
 .text.SystemInit
                0x08000ae8      0x110 ./Core/Src/system_stm32h7xx.o
                0x08000ae8                SystemInit
 .text.Reset_Handler
                0x08000bf8       0x50 ./Core/Startup/startup_stm32h743xihx.o
                0x08000bf8                Reset_Handler
 .text.Default_Handler
                0x08000c48        0x2 ./Core/Startup/startup_stm32h743xihx.o
                0x08000c48                RTC_Alarm_IRQHandler
                0x08000c48                EXTI2_IRQHandler
                0x08000c48                TIM8_CC_IRQHandler
                0x08000c48                HRTIM1_Master_IRQHandler
                0x08000c48                UART8_IRQHandler
                0x08000c48                SPI4_IRQHandler
                0x08000c48                TIM1_CC_IRQHandler
                0x08000c48                BDMA_Channel6_IRQHandler
                0x08000c48                DMA2_Stream5_IRQHandler
                0x08000c48                HRTIM1_FLT_IRQHandler
                0x08000c48                JPEG_IRQHandler
                0x08000c48                DMA1_Stream5_IRQHandler
                0x08000c48                BDMA_Channel1_IRQHandler
                0x08000c48                HRTIM1_TIMD_IRQHandler
                0x08000c48                TAMP_STAMP_IRQHandler
                0x08000c48                EXTI3_IRQHandler
                0x08000c48                LPTIM4_IRQHandler
                0x08000c48                TIM8_TRG_COM_TIM14_IRQHandler
                0x08000c48                LPTIM2_IRQHandler
                0x08000c48                DFSDM1_FLT1_IRQHandler
                0x08000c48                DMAMUX2_OVR_IRQHandler
                0x08000c48                TIM8_UP_TIM13_IRQHandler
                0x08000c48                I2C3_ER_IRQHandler
                0x08000c48                DFSDM1_FLT2_IRQHandler
                0x08000c48                MDMA_IRQHandler
                0x08000c48                LPTIM3_IRQHandler
                0x08000c48                HSEM1_IRQHandler
                0x08000c48                EXTI0_IRQHandler
                0x08000c48                I2C2_EV_IRQHandler
                0x08000c48                DMA1_Stream2_IRQHandler
                0x08000c48                FPU_IRQHandler
                0x08000c48                OTG_HS_WKUP_IRQHandler
                0x08000c48                FDCAN1_IT1_IRQHandler
                0x08000c48                LTDC_ER_IRQHandler
                0x08000c48                DMA2_Stream2_IRQHandler
                0x08000c48                HRTIM1_TIME_IRQHandler
                0x08000c48                SPI1_IRQHandler
                0x08000c48                TIM6_DAC_IRQHandler
                0x08000c48                DCMI_IRQHandler
                0x08000c48                HRTIM1_TIMC_IRQHandler
                0x08000c48                DMA2_Stream3_IRQHandler
                0x08000c48                SAI2_IRQHandler
                0x08000c48                DFSDM1_FLT3_IRQHandler
                0x08000c48                USART6_IRQHandler
                0x08000c48                TIM17_IRQHandler
                0x08000c48                USART3_IRQHandler
                0x08000c48                BDMA_Channel7_IRQHandler
                0x08000c48                LPTIM5_IRQHandler
                0x08000c48                UART5_IRQHandler
                0x08000c48                ADC3_IRQHandler
                0x08000c48                DMA2_Stream0_IRQHandler
                0x08000c48                TIM4_IRQHandler
                0x08000c48                BDMA_Channel2_IRQHandler
                0x08000c48                QUADSPI_IRQHandler
                0x08000c48                I2C1_EV_IRQHandler
                0x08000c48                DMA1_Stream6_IRQHandler
                0x08000c48                DMAMUX1_OVR_IRQHandler
                0x08000c48                DMA1_Stream1_IRQHandler
                0x08000c48                TIM16_IRQHandler
                0x08000c48                UART4_IRQHandler
                0x08000c48                BDMA_Channel5_IRQHandler
                0x08000c48                TIM3_IRQHandler
                0x08000c48                RCC_IRQHandler
                0x08000c48                TIM8_BRK_TIM12_IRQHandler
                0x08000c48                TIM1_TRG_COM_IRQHandler
                0x08000c48                Default_Handler
                0x08000c48                ECC_IRQHandler
                0x08000c48                CEC_IRQHandler
                0x08000c48                EXTI15_10_IRQHandler
                0x08000c48                BDMA_Channel0_IRQHandler
                0x08000c48                ADC_IRQHandler
                0x08000c48                DMA1_Stream7_IRQHandler
                0x08000c48                HRTIM1_TIMA_IRQHandler
                0x08000c48                SPI5_IRQHandler
                0x08000c48                TIM7_IRQHandler
                0x08000c48                SDMMC1_IRQHandler
                0x08000c48                TIM5_IRQHandler
                0x08000c48                DMA2_Stream7_IRQHandler
                0x08000c48                TIM15_IRQHandler
                0x08000c48                PVD_AVD_IRQHandler
                0x08000c48                I2C3_EV_IRQHandler
                0x08000c48                EXTI9_5_IRQHandler
                0x08000c48                RTC_WKUP_IRQHandler
                0x08000c48                LTDC_IRQHandler
                0x08000c48                SAI3_IRQHandler
                0x08000c48                ETH_WKUP_IRQHandler
                0x08000c48                SPDIF_RX_IRQHandler
                0x08000c48                SPI2_IRQHandler
                0x08000c48                OTG_HS_EP1_IN_IRQHandler
                0x08000c48                DMA1_Stream0_IRQHandler
                0x08000c48                CRS_IRQHandler
                0x08000c48                EXTI4_IRQHandler
                0x08000c48                RNG_IRQHandler
                0x08000c48                HRTIM1_TIMB_IRQHandler
                0x08000c48                FDCAN2_IT1_IRQHandler
                0x08000c48                ETH_IRQHandler
                0x08000c48                TIM1_UP_IRQHandler
                0x08000c48                BDMA_Channel4_IRQHandler
                0x08000c48                OTG_HS_EP1_OUT_IRQHandler
                0x08000c48                WWDG_IRQHandler
                0x08000c48                SPI6_IRQHandler
                0x08000c48                MDIOS_IRQHandler
                0x08000c48                I2C4_EV_IRQHandler
                0x08000c48                FDCAN2_IT0_IRQHandler
                0x08000c48                LPUART1_IRQHandler
                0x08000c48                FDCAN1_IT0_IRQHandler
                0x08000c48                TIM2_IRQHandler
                0x08000c48                OTG_FS_WKUP_IRQHandler
                0x08000c48                OTG_HS_IRQHandler
                0x08000c48                DMA2D_IRQHandler
                0x08000c48                TIM1_BRK_IRQHandler
                0x08000c48                EXTI1_IRQHandler
                0x08000c48                SDMMC2_IRQHandler
                0x08000c48                OTG_FS_EP1_OUT_IRQHandler
                0x08000c48                BDMA_Channel3_IRQHandler
                0x08000c48                UART7_IRQHandler
                0x08000c48                MDIOS_WKUP_IRQHandler
                0x08000c48                USART2_IRQHandler
                0x08000c48                DFSDM1_FLT0_IRQHandler
                0x08000c48                SAI4_IRQHandler
                0x08000c48                I2C2_ER_IRQHandler
                0x08000c48                DMA2_Stream1_IRQHandler
                0x08000c48                FLASH_IRQHandler
                0x08000c48                DMA2_Stream4_IRQHandler
                0x08000c48                USART1_IRQHandler
                0x08000c48                OTG_FS_IRQHandler
                0x08000c48                SPI3_IRQHandler
                0x08000c48                WAKEUP_PIN_IRQHandler
                0x08000c48                DMA1_Stream4_IRQHandler
                0x08000c48                OTG_FS_EP1_IN_IRQHandler
                0x08000c48                I2C1_ER_IRQHandler
                0x08000c48                FMC_IRQHandler
                0x08000c48                FDCAN_CAL_IRQHandler
                0x08000c48                SWPMI1_IRQHandler
                0x08000c48                COMP1_IRQHandler
                0x08000c48                LPTIM1_IRQHandler
                0x08000c48                I2C4_ER_IRQHandler
                0x08000c48                DMA2_Stream6_IRQHandler
                0x08000c48                SAI1_IRQHandler
                0x08000c48                DMA1_Stream3_IRQHandler
 *fill*         0x08000c4a        0x2 
 .text.HAL_Init
                0x08000c4c       0x78 ./Drivers/STM32H7xx_HAL_Driver/Src/stm32h7xx_hal.o
                0x08000c4c                HAL_Init
 .text.HAL_InitTick
                0x08000cc4       0x6c ./Drivers/STM32H7xx_HAL_Driver/Src/stm32h7xx_hal.o
                0x08000cc4                HAL_InitTick
 .text.HAL_IncTick
                0x08000d30       0x28 ./Drivers/STM32H7xx_HAL_Driver/Src/stm32h7xx_hal.o
                0x08000d30                HAL_IncTick
 .text.HAL_GetTick
                0x08000d58       0x18 ./Drivers/STM32H7xx_HAL_Driver/Src/stm32h7xx_hal.o
                0x08000d58                HAL_GetTick
 .text.HAL_Delay
                0x08000d70       0x48 ./Drivers/STM32H7xx_HAL_Driver/Src/stm32h7xx_hal.o
                0x08000d70                HAL_Delay
 .text.HAL_GetREVID
                0x08000db8       0x18 ./Drivers/STM32H7xx_HAL_Driver/Src/stm32h7xx_hal.o
                0x08000db8                HAL_GetREVID
 .text.HAL_SYSCFG_AnalogSwitchConfig
                0x08000dd0       0x2c ./Drivers/STM32H7xx_HAL_Driver/Src/stm32h7xx_hal.o
                0x08000dd0                HAL_SYSCFG_AnalogSwitchConfig
 .text.LL_ADC_SetCommonClock
                0x08000dfc       0x26 ./Drivers/STM32H7xx_HAL_Driver/Src/stm32h7xx_hal_adc.o
 .text.LL_ADC_SetCommonPathInternalCh
                0x08000e22       0x26 ./Drivers/STM32H7xx_HAL_Driver/Src/stm32h7xx_hal_adc.o
 .text.LL_ADC_GetCommonPathInternalCh
                0x08000e48       0x1c ./Drivers/STM32H7xx_HAL_Driver/Src/stm32h7xx_hal_adc.o
 .text.LL_ADC_SetOffset
                0x08000e64       0x40 ./Drivers/STM32H7xx_HAL_Driver/Src/stm32h7xx_hal_adc.o
 .text.LL_ADC_SetDataRightShift
                0x08000ea4       0x32 ./Drivers/STM32H7xx_HAL_Driver/Src/stm32h7xx_hal_adc.o
 .text.LL_ADC_SetOffsetSignedSaturation
                0x08000ed6       0x36 ./Drivers/STM32H7xx_HAL_Driver/Src/stm32h7xx_hal_adc.o
 .text.LL_ADC_REG_IsTriggerSourceSWStart
                0x08000f0c       0x26 ./Drivers/STM32H7xx_HAL_Driver/Src/stm32h7xx_hal_adc.o
 .text.LL_ADC_REG_SetSequencerRanks
                0x08000f32       0x58 ./Drivers/STM32H7xx_HAL_Driver/Src/stm32h7xx_hal_adc.o
 .text.LL_ADC_SetChannelSamplingTime
                0x08000f8a       0x56 ./Drivers/STM32H7xx_HAL_Driver/Src/stm32h7xx_hal_adc.o
 .text.LL_ADC_SetChannelSingleDiff
                0x08000fe0       0x48 ./Drivers/STM32H7xx_HAL_Driver/Src/stm32h7xx_hal_adc.o
 .text.LL_ADC_GetMultimode
                0x08001028       0x1c ./Drivers/STM32H7xx_HAL_Driver/Src/stm32h7xx_hal_adc.o
 .text.LL_ADC_GetMultiDMATransfer
                0x08001044       0x1c ./Drivers/STM32H7xx_HAL_Driver/Src/stm32h7xx_hal_adc.o
 .text.LL_ADC_DisableDeepPowerDown
                0x08001060       0x24 ./Drivers/STM32H7xx_HAL_Driver/Src/stm32h7xx_hal_adc.o
 .text.LL_ADC_IsDeepPowerDownEnabled
                0x08001084       0x28 ./Drivers/STM32H7xx_HAL_Driver/Src/stm32h7xx_hal_adc.o
 .text.LL_ADC_EnableInternalRegulator
                0x080010ac       0x28 ./Drivers/STM32H7xx_HAL_Driver/Src/stm32h7xx_hal_adc.o
 .text.LL_ADC_IsInternalRegulatorEnabled
                0x080010d4       0x28 ./Drivers/STM32H7xx_HAL_Driver/Src/stm32h7xx_hal_adc.o
 .text.LL_ADC_Enable
                0x080010fc       0x28 ./Drivers/STM32H7xx_HAL_Driver/Src/stm32h7xx_hal_adc.o
 .text.LL_ADC_Disable
                0x08001124       0x28 ./Drivers/STM32H7xx_HAL_Driver/Src/stm32h7xx_hal_adc.o
 .text.LL_ADC_IsEnabled
                0x0800114c       0x26 ./Drivers/STM32H7xx_HAL_Driver/Src/stm32h7xx_hal_adc.o
 .text.LL_ADC_IsDisableOngoing
                0x08001172       0x26 ./Drivers/STM32H7xx_HAL_Driver/Src/stm32h7xx_hal_adc.o
 .text.LL_ADC_REG_StartConversion
                0x08001198       0x28 ./Drivers/STM32H7xx_HAL_Driver/Src/stm32h7xx_hal_adc.o
 .text.LL_ADC_REG_StopConversion
                0x080011c0       0x28 ./Drivers/STM32H7xx_HAL_Driver/Src/stm32h7xx_hal_adc.o
 .text.LL_ADC_REG_IsConversionOngoing
                0x080011e8       0x26 ./Drivers/STM32H7xx_HAL_Driver/Src/stm32h7xx_hal_adc.o
 *fill*         0x0800120e        0x2 
 .text.LL_ADC_INJ_StopConversion
                0x08001210       0x28 ./Drivers/STM32H7xx_HAL_Driver/Src/stm32h7xx_hal_adc.o
 .text.LL_ADC_INJ_IsConversionOngoing
                0x08001238       0x26 ./Drivers/STM32H7xx_HAL_Driver/Src/stm32h7xx_hal_adc.o
 *fill*         0x0800125e        0x2 
 .text.HAL_ADC_Init
                0x08001260      0x344 ./Drivers/STM32H7xx_HAL_Driver/Src/stm32h7xx_hal_adc.o
                0x08001260                HAL_ADC_Init
 .text.HAL_ADC_Start
                0x080015a4      0x194 ./Drivers/STM32H7xx_HAL_Driver/Src/stm32h7xx_hal_adc.o
                0x080015a4                HAL_ADC_Start
 .text.HAL_ADC_Stop
                0x08001738       0x68 ./Drivers/STM32H7xx_HAL_Driver/Src/stm32h7xx_hal_adc.o
                0x08001738                HAL_ADC_Stop
 .text.HAL_ADC_PollForConversion
                0x080017a0      0x1e8 ./Drivers/STM32H7xx_HAL_Driver/Src/stm32h7xx_hal_adc.o
                0x080017a0                HAL_ADC_PollForConversion
 .text.HAL_ADC_GetValue
                0x08001988       0x1a ./Drivers/STM32H7xx_HAL_Driver/Src/stm32h7xx_hal_adc.o
                0x08001988                HAL_ADC_GetValue
 *fill*         0x080019a2        0x2 
 .text.HAL_ADC_ConfigChannel
                0x080019a4      0x6b8 ./Drivers/STM32H7xx_HAL_Driver/Src/stm32h7xx_hal_adc.o
                0x080019a4                HAL_ADC_ConfigChannel
 .text.ADC_ConversionStop
                0x0800205c      0x178 ./Drivers/STM32H7xx_HAL_Driver/Src/stm32h7xx_hal_adc.o
                0x0800205c                ADC_ConversionStop
 .text.ADC_Enable
                0x080021d4      0x114 ./Drivers/STM32H7xx_HAL_Driver/Src/stm32h7xx_hal_adc.o
                0x080021d4                ADC_Enable
 .text.ADC_Disable
                0x080022e8       0xbe ./Drivers/STM32H7xx_HAL_Driver/Src/stm32h7xx_hal_adc.o
                0x080022e8                ADC_Disable
 *fill*         0x080023a6        0x2 
 .text.ADC_ConfigureBoostMode
                0x080023a8      0x218 ./Drivers/STM32H7xx_HAL_Driver/Src/stm32h7xx_hal_adc.o
                0x080023a8                ADC_ConfigureBoostMode
 .text.LL_ADC_StartCalibration
                0x080025c0       0x3c ./Drivers/STM32H7xx_HAL_Driver/Src/stm32h7xx_hal_adc_ex.o
 .text.LL_ADC_IsCalibrationOnGoing
                0x080025fc       0x28 ./Drivers/STM32H7xx_HAL_Driver/Src/stm32h7xx_hal_adc_ex.o
 .text.HAL_ADCEx_Calibration_Start
                0x08002624       0xc8 ./Drivers/STM32H7xx_HAL_Driver/Src/stm32h7xx_hal_adc_ex.o
                0x08002624                HAL_ADCEx_Calibration_Start
 .text.__NVIC_SetPriorityGrouping
                0x080026ec       0x48 ./Drivers/STM32H7xx_HAL_Driver/Src/stm32h7xx_hal_cortex.o
 .text.__NVIC_GetPriorityGrouping
                0x08002734       0x1c ./Drivers/STM32H7xx_HAL_Driver/Src/stm32h7xx_hal_cortex.o
 .text.__NVIC_SetPriority
                0x08002750       0x54 ./Drivers/STM32H7xx_HAL_Driver/Src/stm32h7xx_hal_cortex.o
 .text.NVIC_EncodePriority
                0x080027a4       0x66 ./Drivers/STM32H7xx_HAL_Driver/Src/stm32h7xx_hal_cortex.o
 *fill*         0x0800280a        0x2 
 .text.SysTick_Config
                0x0800280c       0x44 ./Drivers/STM32H7xx_HAL_Driver/Src/stm32h7xx_hal_cortex.o
 .text.HAL_NVIC_SetPriorityGrouping
                0x08002850       0x16 ./Drivers/STM32H7xx_HAL_Driver/Src/stm32h7xx_hal_cortex.o
                0x08002850                HAL_NVIC_SetPriorityGrouping
 .text.HAL_NVIC_SetPriority
                0x08002866       0x34 ./Drivers/STM32H7xx_HAL_Driver/Src/stm32h7xx_hal_cortex.o
                0x08002866                HAL_NVIC_SetPriority
 .text.HAL_SYSTICK_Config
                0x0800289a       0x18 ./Drivers/STM32H7xx_HAL_Driver/Src/stm32h7xx_hal_cortex.o
                0x0800289a                HAL_SYSTICK_Config
 *fill*         0x080028b2        0x2 
 .text.HAL_MPU_Disable
                0x080028b4       0x30 ./Drivers/STM32H7xx_HAL_Driver/Src/stm32h7xx_hal_cortex.o
                0x080028b4                HAL_MPU_Disable
 .text.HAL_MPU_Enable
                0x080028e4       0x40 ./Drivers/STM32H7xx_HAL_Driver/Src/stm32h7xx_hal_cortex.o
                0x080028e4                HAL_MPU_Enable
 .text.HAL_MPU_ConfigRegion
                0x08002924       0x80 ./Drivers/STM32H7xx_HAL_Driver/Src/stm32h7xx_hal_cortex.o
                0x08002924                HAL_MPU_ConfigRegion
 .text.HAL_GPIO_Init
                0x080029a4      0x360 ./Drivers/STM32H7xx_HAL_Driver/Src/stm32h7xx_hal_gpio.o
                0x080029a4                HAL_GPIO_Init
 .text.HAL_GPIO_ReadPin
                0x08002d04       0x30 ./Drivers/STM32H7xx_HAL_Driver/Src/stm32h7xx_hal_gpio.o
                0x08002d04                HAL_GPIO_ReadPin
 .text.HAL_PWREx_ConfigSupply
                0x08002d34       0x74 ./Drivers/STM32H7xx_HAL_Driver/Src/stm32h7xx_hal_pwr_ex.o
                0x08002d34                HAL_PWREx_ConfigSupply
 .text.HAL_RCC_OscConfig
                0x08002da8      0x8b4 ./Drivers/STM32H7xx_HAL_Driver/Src/stm32h7xx_hal_rcc.o
                0x08002da8                HAL_RCC_OscConfig
 .text.HAL_RCC_ClockConfig
                0x0800365c      0x36c ./Drivers/STM32H7xx_HAL_Driver/Src/stm32h7xx_hal_rcc.o
                0x0800365c                HAL_RCC_ClockConfig
 .text.HAL_RCC_GetSysClockFreq
                0x080039c8      0x2f4 ./Drivers/STM32H7xx_HAL_Driver/Src/stm32h7xx_hal_rcc.o
                0x080039c8                HAL_RCC_GetSysClockFreq
 .text.HAL_RCC_GetHCLKFreq
                0x08003cbc       0x60 ./Drivers/STM32H7xx_HAL_Driver/Src/stm32h7xx_hal_rcc.o
                0x08003cbc                HAL_RCC_GetHCLKFreq
 .text.HAL_RCC_GetPCLK1Freq
                0x08003d1c       0x2c ./Drivers/STM32H7xx_HAL_Driver/Src/stm32h7xx_hal_rcc.o
                0x08003d1c                HAL_RCC_GetPCLK1Freq
 .text.HAL_RCCEx_PeriphCLKConfig
                0x08003d48     0x1414 ./Drivers/STM32H7xx_HAL_Driver/Src/stm32h7xx_hal_rcc_ex.o
                0x08003d48                HAL_RCCEx_PeriphCLKConfig
 .text.HAL_RCCEx_GetPeriphCLKFreq
                0x0800515c      0xb00 ./Drivers/STM32H7xx_HAL_Driver/Src/stm32h7xx_hal_rcc_ex.o
                0x0800515c                HAL_RCCEx_GetPeriphCLKFreq
 .text.HAL_RCCEx_GetD3PCLK1Freq
                0x08005c5c       0x2c ./Drivers/STM32H7xx_HAL_Driver/Src/stm32h7xx_hal_rcc_ex.o
                0x08005c5c                HAL_RCCEx_GetD3PCLK1Freq
 .text.HAL_RCCEx_GetPLL2ClockFreq
                0x08005c88      0x2a8 ./Drivers/STM32H7xx_HAL_Driver/Src/stm32h7xx_hal_rcc_ex.o
                0x08005c88                HAL_RCCEx_GetPLL2ClockFreq
 .text.HAL_RCCEx_GetPLL3ClockFreq
                0x08005f30      0x2a8 ./Drivers/STM32H7xx_HAL_Driver/Src/stm32h7xx_hal_rcc_ex.o
                0x08005f30                HAL_RCCEx_GetPLL3ClockFreq
 .text.HAL_RCCEx_GetPLL1ClockFreq
                0x080061d8      0x2a4 ./Drivers/STM32H7xx_HAL_Driver/Src/stm32h7xx_hal_rcc_ex.o
                0x080061d8                HAL_RCCEx_GetPLL1ClockFreq
 .text.RCCEx_PLL2_Config
                0x0800647c      0x164 ./Drivers/STM32H7xx_HAL_Driver/Src/stm32h7xx_hal_rcc_ex.o
 .text.RCCEx_PLL3_Config
                0x080065e0      0x164 ./Drivers/STM32H7xx_HAL_Driver/Src/stm32h7xx_hal_rcc_ex.o
 .text.HAL_TIM_Base_Init
                0x08006744       0xae ./Drivers/STM32H7xx_HAL_Driver/Src/stm32h7xx_hal_tim.o
                0x08006744                HAL_TIM_Base_Init
 .text.HAL_TIM_PWM_Init
                0x080067f2       0xae ./Drivers/STM32H7xx_HAL_Driver/Src/stm32h7xx_hal_tim.o
                0x080067f2                HAL_TIM_PWM_Init
 .text.HAL_TIM_PWM_MspInit
                0x080068a0       0x14 ./Drivers/STM32H7xx_HAL_Driver/Src/stm32h7xx_hal_tim.o
                0x080068a0                HAL_TIM_PWM_MspInit
 .text.HAL_TIM_PWM_Start
                0x080068b4      0x21c ./Drivers/STM32H7xx_HAL_Driver/Src/stm32h7xx_hal_tim.o
                0x080068b4                HAL_TIM_PWM_Start
 .text.HAL_TIM_PWM_Stop
                0x08006ad0      0x12c ./Drivers/STM32H7xx_HAL_Driver/Src/stm32h7xx_hal_tim.o
                0x08006ad0                HAL_TIM_PWM_Stop
 .text.HAL_TIM_PWM_ConfigChannel
                0x08006bfc      0x228 ./Drivers/STM32H7xx_HAL_Driver/Src/stm32h7xx_hal_tim.o
                0x08006bfc                HAL_TIM_PWM_ConfigChannel
 .text.HAL_TIM_ConfigClockSource
                0x08006e24      0x1f0 ./Drivers/STM32H7xx_HAL_Driver/Src/stm32h7xx_hal_tim.o
                0x08006e24                HAL_TIM_ConfigClockSource
 .text.TIM_Base_SetConfig
                0x08007014      0x14c ./Drivers/STM32H7xx_HAL_Driver/Src/stm32h7xx_hal_tim.o
                0x08007014                TIM_Base_SetConfig
 .text.TIM_OC1_SetConfig
                0x08007160      0x120 ./Drivers/STM32H7xx_HAL_Driver/Src/stm32h7xx_hal_tim.o
 .text.TIM_OC2_SetConfig
                0x08007280      0x114 ./Drivers/STM32H7xx_HAL_Driver/Src/stm32h7xx_hal_tim.o
                0x08007280                TIM_OC2_SetConfig
 .text.TIM_OC3_SetConfig
                0x08007394      0x110 ./Drivers/STM32H7xx_HAL_Driver/Src/stm32h7xx_hal_tim.o
 .text.TIM_OC4_SetConfig
                0x080074a4       0xd4 ./Drivers/STM32H7xx_HAL_Driver/Src/stm32h7xx_hal_tim.o
 .text.TIM_OC5_SetConfig
                0x08007578       0xc8 ./Drivers/STM32H7xx_HAL_Driver/Src/stm32h7xx_hal_tim.o
 .text.TIM_OC6_SetConfig
                0x08007640       0xcc ./Drivers/STM32H7xx_HAL_Driver/Src/stm32h7xx_hal_tim.o
 .text.TIM_TI1_ConfigInputStage
                0x0800770c       0x5e ./Drivers/STM32H7xx_HAL_Driver/Src/stm32h7xx_hal_tim.o
 .text.TIM_TI2_ConfigInputStage
                0x0800776a       0x60 ./Drivers/STM32H7xx_HAL_Driver/Src/stm32h7xx_hal_tim.o
 *fill*         0x080077ca        0x2 
 .text.TIM_ITRx_SetConfig
                0x080077cc       0x3c ./Drivers/STM32H7xx_HAL_Driver/Src/stm32h7xx_hal_tim.o
 .text.TIM_ETR_SetConfig
                0x08007808       0x40 ./Drivers/STM32H7xx_HAL_Driver/Src/stm32h7xx_hal_tim.o
                0x08007808                TIM_ETR_SetConfig
 .text.TIM_CCxChannelCmd
                0x08007848       0x4a ./Drivers/STM32H7xx_HAL_Driver/Src/stm32h7xx_hal_tim.o
                0x08007848                TIM_CCxChannelCmd
 *fill*         0x08007892        0x2 
 .text.HAL_TIMEx_MasterConfigSynchronization
                0x08007894      0x11c ./Drivers/STM32H7xx_HAL_Driver/Src/stm32h7xx_hal_tim_ex.o
                0x08007894                HAL_TIMEx_MasterConfigSynchronization
 .text.HAL_TIMEx_ConfigBreakDeadTime
                0x080079b0       0xfc ./Drivers/STM32H7xx_HAL_Driver/Src/stm32h7xx_hal_tim_ex.o
                0x080079b0                HAL_TIMEx_ConfigBreakDeadTime
 .text.memset   0x08007aac       0x10 D:/IDE/STM32CubeIDE_1.14.1/STM32CubeIDE/plugins/com.st.stm32cube.ide.mcu.externaltools.gnu-tools-for-stm32.12.3.rel1.win32_1.0.100.202403111256/tools/bin/../lib/gcc/arm-none-eabi/12.3.1/../../../../arm-none-eabi/lib/thumb/v7e-m+dp/hard\libc_nano.a(libc_a-memset.o)
                0x08007aac                memset
 .text.__libc_init_array
                0x08007abc       0x48 D:/IDE/STM32CubeIDE_1.14.1/STM32CubeIDE/plugins/com.st.stm32cube.ide.mcu.externaltools.gnu-tools-for-stm32.12.3.rel1.win32_1.0.100.202403111256/tools/bin/../lib/gcc/arm-none-eabi/12.3.1/../../../../arm-none-eabi/lib/thumb/v7e-m+dp/hard\libc_nano.a(libc_a-init.o)
                0x08007abc                __libc_init_array
 *(.glue_7)
 .glue_7        0x08007b04        0x0 linker stubs
 *(.glue_7t)
 .glue_7t       0x08007b04        0x0 linker stubs
 *(.eh_frame)
 .eh_frame      0x08007b04        0x0 D:/IDE/STM32CubeIDE_1.14.1/STM32CubeIDE/plugins/com.st.stm32cube.ide.mcu.externaltools.gnu-tools-for-stm32.12.3.rel1.win32_1.0.100.202403111256/tools/bin/../lib/gcc/arm-none-eabi/12.3.1/thumb/v7e-m+dp/hard/crtbegin.o
 *(.init)
 .init          0x08007b04        0x4 D:/IDE/STM32CubeIDE_1.14.1/STM32CubeIDE/plugins/com.st.stm32cube.ide.mcu.externaltools.gnu-tools-for-stm32.12.3.rel1.win32_1.0.100.202403111256/tools/bin/../lib/gcc/arm-none-eabi/12.3.1/thumb/v7e-m+dp/hard/crti.o
                0x08007b04                _init
 .init          0x08007b08        0x8 D:/IDE/STM32CubeIDE_1.14.1/STM32CubeIDE/plugins/com.st.stm32cube.ide.mcu.externaltools.gnu-tools-for-stm32.12.3.rel1.win32_1.0.100.202403111256/tools/bin/../lib/gcc/arm-none-eabi/12.3.1/thumb/v7e-m+dp/hard/crtn.o
 *(.fini)
 .fini          0x08007b10        0x4 D:/IDE/STM32CubeIDE_1.14.1/STM32CubeIDE/plugins/com.st.stm32cube.ide.mcu.externaltools.gnu-tools-for-stm32.12.3.rel1.win32_1.0.100.202403111256/tools/bin/../lib/gcc/arm-none-eabi/12.3.1/thumb/v7e-m+dp/hard/crti.o
                0x08007b10                _fini
 .fini          0x08007b14        0x8 D:/IDE/STM32CubeIDE_1.14.1/STM32CubeIDE/plugins/com.st.stm32cube.ide.mcu.externaltools.gnu-tools-for-stm32.12.3.rel1.win32_1.0.100.202403111256/tools/bin/../lib/gcc/arm-none-eabi/12.3.1/thumb/v7e-m+dp/hard/crtn.o
                0x08007b1c                        . = ALIGN (0x4)
                0x08007b1c                        _etext = .

.vfp11_veneer   0x08007b1c        0x0
 .vfp11_veneer  0x08007b1c        0x0 linker stubs

.v4_bx          0x08007b1c        0x0
 .v4_bx         0x08007b1c        0x0 linker stubs

.iplt           0x08007b1c        0x0
 .iplt          0x08007b1c        0x0 D:/IDE/STM32CubeIDE_1.14.1/STM32CubeIDE/plugins/com.st.stm32cube.ide.mcu.externaltools.gnu-tools-for-stm32.12.3.rel1.win32_1.0.100.202403111256/tools/bin/../lib/gcc/arm-none-eabi/12.3.1/thumb/v7e-m+dp/hard/crtbegin.o

.rodata         0x08007b1c       0x10
                0x08007b1c                        . = ALIGN (0x4)
 *(.rodata)
 *(.rodata*)
 .rodata.D1CorePrescTable
                0x08007b1c       0x10 ./Core/Src/system_stm32h7xx.o
                0x08007b1c                D1CorePrescTable
                0x08007b2c                        . = ALIGN (0x4)

.ARM.extab
 *(.ARM.extab* .gnu.linkonce.armextab.*)

.ARM            0x08007b2c        0x0
                0x08007b2c                        __exidx_start = .
 *(.ARM.exidx*)
                0x08007b2c                        __exidx_end = .

.preinit_array  0x08007b2c        0x0
                0x08007b2c                        PROVIDE (__preinit_array_start = .)
 *(.preinit_array*)
                0x08007b2c                        PROVIDE (__preinit_array_end = .)

.init_array     0x08007b2c        0x4
                0x08007b2c                        PROVIDE (__init_array_start = .)
 *(SORT_BY_NAME(.init_array.*))
 *(.init_array*)
 .init_array    0x08007b2c        0x4 D:/IDE/STM32CubeIDE_1.14.1/STM32CubeIDE/plugins/com.st.stm32cube.ide.mcu.externaltools.gnu-tools-for-stm32.12.3.rel1.win32_1.0.100.202403111256/tools/bin/../lib/gcc/arm-none-eabi/12.3.1/thumb/v7e-m+dp/hard/crtbegin.o
                0x08007b30                        PROVIDE (__init_array_end = .)

.fini_array     0x08007b30        0x4
                [!provide]                        PROVIDE (__fini_array_start = .)
 *(SORT_BY_NAME(.fini_array.*))
 *(.fini_array*)
 .fini_array    0x08007b30        0x4 D:/IDE/STM32CubeIDE_1.14.1/STM32CubeIDE/plugins/com.st.stm32cube.ide.mcu.externaltools.gnu-tools-for-stm32.12.3.rel1.win32_1.0.100.202403111256/tools/bin/../lib/gcc/arm-none-eabi/12.3.1/thumb/v7e-m+dp/hard/crtbegin.o
                [!provide]                        PROVIDE (__fini_array_end = .)
                0x08007b34                        _sidata = LOADADDR (.data)

.rel.dyn        0x08007b34        0x0
 .rel.iplt      0x08007b34        0x0 D:/IDE/STM32CubeIDE_1.14.1/STM32CubeIDE/plugins/com.st.stm32cube.ide.mcu.externaltools.gnu-tools-for-stm32.12.3.rel1.win32_1.0.100.202403111256/tools/bin/../lib/gcc/arm-none-eabi/12.3.1/thumb/v7e-m+dp/hard/crtbegin.o

.data           0x24000000       0x10 load address 0x08007b34
                0x24000000                        . = ALIGN (0x4)
                0x24000000                        _sdata = .
 *(.data)
 *(.data*)
 .data.SystemCoreClock
                0x24000000        0x4 ./Core/Src/system_stm32h7xx.o
                0x24000000                SystemCoreClock
 .data.SystemD2Clock
                0x24000004        0x4 ./Core/Src/system_stm32h7xx.o
                0x24000004                SystemD2Clock
 .data.uwTickPrio
                0x24000008        0x4 ./Drivers/STM32H7xx_HAL_Driver/Src/stm32h7xx_hal.o
                0x24000008                uwTickPrio
 .data.uwTickFreq
                0x2400000c        0x1 ./Drivers/STM32H7xx_HAL_Driver/Src/stm32h7xx_hal.o
                0x2400000c                uwTickFreq
 *(.RamFunc)
 *(.RamFunc*)
                0x24000010                        . = ALIGN (0x4)
 *fill*         0x2400000d        0x3 
                0x24000010                        _edata = .

.igot.plt       0x24000010        0x0 load address 0x08007b44
 .igot.plt      0x24000010        0x0 D:/IDE/STM32CubeIDE_1.14.1/STM32CubeIDE/plugins/com.st.stm32cube.ide.mcu.externaltools.gnu-tools-for-stm32.12.3.rel1.win32_1.0.100.202403111256/tools/bin/../lib/gcc/arm-none-eabi/12.3.1/thumb/v7e-m+dp/hard/crtbegin.o
                0x24000010                        . = ALIGN (0x4)

.bss            0x24000010       0xd0 load address 0x08007b44
                0x24000010                        _sbss = .
                0x24000010                        __bss_start__ = _sbss
 *(.bss)
 .bss           0x24000010       0x1c D:/IDE/STM32CubeIDE_1.14.1/STM32CubeIDE/plugins/com.st.stm32cube.ide.mcu.externaltools.gnu-tools-for-stm32.12.3.rel1.win32_1.0.100.202403111256/tools/bin/../lib/gcc/arm-none-eabi/12.3.1/thumb/v7e-m+dp/hard/crtbegin.o
 *(.bss*)
 .bss.hadc3     0x2400002c       0x64 ./Core/Src/main.o
                0x2400002c                hadc3
 .bss.htim1     0x24000090       0x4c ./Core/Src/main.o
                0x24000090                htim1
 .bss.uwTick    0x240000dc        0x4 ./Drivers/STM32H7xx_HAL_Driver/Src/stm32h7xx_hal.o
                0x240000dc                uwTick
 *(COMMON)
                0x240000e0                        . = ALIGN (0x4)
                0x240000e0                        _ebss = .
                0x240000e0                        __bss_end__ = _ebss

._user_heap_stack
                0x240000e0      0x600 load address 0x08007b44
                0x240000e0                        . = ALIGN (0x8)
                [!provide]                        PROVIDE (end = .)
                0x240000e0                        PROVIDE (_end = .)
                0x240002e0                        . = (. + _Min_Heap_Size)
 *fill*         0x240000e0      0x200 
                0x240006e0                        . = (. + _Min_Stack_Size)
 *fill*         0x240002e0      0x400 
                0x240006e0                        . = ALIGN (0x8)

/DISCARD/
 libc.a(*)
 libm.a(*)
 libgcc.a(*)

.ARM.attributes
                0x00000000       0x2e
 *(.ARM.attributes)
 .ARM.attributes
                0x00000000       0x20 D:/IDE/STM32CubeIDE_1.14.1/STM32CubeIDE/plugins/com.st.stm32cube.ide.mcu.externaltools.gnu-tools-for-stm32.12.3.rel1.win32_1.0.100.202403111256/tools/bin/../lib/gcc/arm-none-eabi/12.3.1/thumb/v7e-m+dp/hard/crti.o
 .ARM.attributes
                0x00000020       0x32 D:/IDE/STM32CubeIDE_1.14.1/STM32CubeIDE/plugins/com.st.stm32cube.ide.mcu.externaltools.gnu-tools-for-stm32.12.3.rel1.win32_1.0.100.202403111256/tools/bin/../lib/gcc/arm-none-eabi/12.3.1/thumb/v7e-m+dp/hard/crtbegin.o
 .ARM.attributes
                0x00000052       0x32 ./Core/Src/main.o
 .ARM.attributes
                0x00000084       0x32 ./Core/Src/stm32h7xx_hal_msp.o
 .ARM.attributes
                0x000000b6       0x32 ./Core/Src/stm32h7xx_it.o
 .ARM.attributes
                0x000000e8       0x32 ./Core/Src/system_stm32h7xx.o
 .ARM.attributes
                0x0000011a       0x21 ./Core/Startup/startup_stm32h743xihx.o
 .ARM.attributes
                0x0000013b       0x32 ./Drivers/STM32H7xx_HAL_Driver/Src/stm32h7xx_hal.o
 .ARM.attributes
                0x0000016d       0x32 ./Drivers/STM32H7xx_HAL_Driver/Src/stm32h7xx_hal_adc.o
 .ARM.attributes
                0x0000019f       0x32 ./Drivers/STM32H7xx_HAL_Driver/Src/stm32h7xx_hal_adc_ex.o
 .ARM.attributes
                0x000001d1       0x32 ./Drivers/STM32H7xx_HAL_Driver/Src/stm32h7xx_hal_cortex.o
 .ARM.attributes
                0x00000203       0x32 ./Drivers/STM32H7xx_HAL_Driver/Src/stm32h7xx_hal_gpio.o
 .ARM.attributes
                0x00000235       0x32 ./Drivers/STM32H7xx_HAL_Driver/Src/stm32h7xx_hal_pwr_ex.o
 .ARM.attributes
                0x00000267       0x32 ./Drivers/STM32H7xx_HAL_Driver/Src/stm32h7xx_hal_rcc.o
 .ARM.attributes
                0x00000299       0x32 ./Drivers/STM32H7xx_HAL_Driver/Src/stm32h7xx_hal_rcc_ex.o
 .ARM.attributes
                0x000002cb       0x32 ./Drivers/STM32H7xx_HAL_Driver/Src/stm32h7xx_hal_tim.o
 .ARM.attributes
                0x000002fd       0x32 ./Drivers/STM32H7xx_HAL_Driver/Src/stm32h7xx_hal_tim_ex.o
 .ARM.attributes
                0x0000032f       0x32 D:/IDE/STM32CubeIDE_1.14.1/STM32CubeIDE/plugins/com.st.stm32cube.ide.mcu.externaltools.gnu-tools-for-stm32.12.3.rel1.win32_1.0.100.202403111256/tools/bin/../lib/gcc/arm-none-eabi/12.3.1/../../../../arm-none-eabi/lib/thumb/v7e-m+dp/hard\libc_nano.a(libc_a-memset.o)
 .ARM.attributes
                0x00000361       0x32 D:/IDE/STM32CubeIDE_1.14.1/STM32CubeIDE/plugins/com.st.stm32cube.ide.mcu.externaltools.gnu-tools-for-stm32.12.3.rel1.win32_1.0.100.202403111256/tools/bin/../lib/gcc/arm-none-eabi/12.3.1/../../../../arm-none-eabi/lib/thumb/v7e-m+dp/hard\libc_nano.a(libc_a-init.o)
 .ARM.attributes
                0x00000393       0x20 D:/IDE/STM32CubeIDE_1.14.1/STM32CubeIDE/plugins/com.st.stm32cube.ide.mcu.externaltools.gnu-tools-for-stm32.12.3.rel1.win32_1.0.100.202403111256/tools/bin/../lib/gcc/arm-none-eabi/12.3.1/thumb/v7e-m+dp/hard/crtn.o
OUTPUT(L298N.elf elf32-littlearm)
LOAD linker stubs
LOAD D:/IDE/STM32CubeIDE_1.14.1/STM32CubeIDE/plugins/com.st.stm32cube.ide.mcu.externaltools.gnu-tools-for-stm32.12.3.rel1.win32_1.0.100.202403111256/tools/bin/../lib/gcc/arm-none-eabi/12.3.1/../../../../arm-none-eabi/lib/thumb/v7e-m+dp/hard\libc.a
LOAD D:/IDE/STM32CubeIDE_1.14.1/STM32CubeIDE/plugins/com.st.stm32cube.ide.mcu.externaltools.gnu-tools-for-stm32.12.3.rel1.win32_1.0.100.202403111256/tools/bin/../lib/gcc/arm-none-eabi/12.3.1/../../../../arm-none-eabi/lib/thumb/v7e-m+dp/hard\libm.a
LOAD D:/IDE/STM32CubeIDE_1.14.1/STM32CubeIDE/plugins/com.st.stm32cube.ide.mcu.externaltools.gnu-tools-for-stm32.12.3.rel1.win32_1.0.100.202403111256/tools/bin/../lib/gcc/arm-none-eabi/12.3.1/thumb/v7e-m+dp/hard\libgcc.a

.debug_info     0x00000000    0x128af
 .debug_info    0x00000000     0x1fff ./Core/Src/main.o
 .debug_info    0x00001fff     0x1566 ./Core/Src/stm32h7xx_hal_msp.o
 .debug_info    0x00003565      0x128 ./Core/Src/stm32h7xx_it.o
 .debug_info    0x0000368d      0xcef ./Core/Src/system_stm32h7xx.o
 .debug_info    0x0000437c       0x30 ./Core/Startup/startup_stm32h743xihx.o
 .debug_info    0x000043ac     0x153b ./Drivers/STM32H7xx_HAL_Driver/Src/stm32h7xx_hal.o
 .debug_info    0x000058e7     0x1ed2 ./Drivers/STM32H7xx_HAL_Driver/Src/stm32h7xx_hal_adc.o
 .debug_info    0x000077b9     0x1fed ./Drivers/STM32H7xx_HAL_Driver/Src/stm32h7xx_hal_adc_ex.o
 .debug_info    0x000097a6     0x10ac ./Drivers/STM32H7xx_HAL_Driver/Src/stm32h7xx_hal_cortex.o
 .debug_info    0x0000a852      0xc4b ./Drivers/STM32H7xx_HAL_Driver/Src/stm32h7xx_hal_gpio.o
 .debug_info    0x0000b49d     0x1008 ./Drivers/STM32H7xx_HAL_Driver/Src/stm32h7xx_hal_pwr_ex.o
 .debug_info    0x0000c4a5      0xe5b ./Drivers/STM32H7xx_HAL_Driver/Src/stm32h7xx_hal_rcc.o
 .debug_info    0x0000d300     0x1216 ./Drivers/STM32H7xx_HAL_Driver/Src/stm32h7xx_hal_rcc_ex.o
 .debug_info    0x0000e516     0x2bae ./Drivers/STM32H7xx_HAL_Driver/Src/stm32h7xx_hal_tim.o
 .debug_info    0x000110c4     0x17eb ./Drivers/STM32H7xx_HAL_Driver/Src/stm32h7xx_hal_tim_ex.o

.debug_abbrev   0x00000000     0x217b
 .debug_abbrev  0x00000000      0x2df ./Core/Src/main.o
 .debug_abbrev  0x000002df      0x230 ./Core/Src/stm32h7xx_hal_msp.o
 .debug_abbrev  0x0000050f       0x73 ./Core/Src/stm32h7xx_it.o
 .debug_abbrev  0x00000582      0x14c ./Core/Src/system_stm32h7xx.o
 .debug_abbrev  0x000006ce       0x24 ./Core/Startup/startup_stm32h743xihx.o
 .debug_abbrev  0x000006f2      0x295 ./Drivers/STM32H7xx_HAL_Driver/Src/stm32h7xx_hal.o
 .debug_abbrev  0x00000987      0x2d3 ./Drivers/STM32H7xx_HAL_Driver/Src/stm32h7xx_hal_adc.o
 .debug_abbrev  0x00000c5a      0x31b ./Drivers/STM32H7xx_HAL_Driver/Src/stm32h7xx_hal_adc_ex.o
 .debug_abbrev  0x00000f75      0x339 ./Drivers/STM32H7xx_HAL_Driver/Src/stm32h7xx_hal_cortex.o
 .debug_abbrev  0x000012ae      0x1fe ./Drivers/STM32H7xx_HAL_Driver/Src/stm32h7xx_hal_gpio.o
 .debug_abbrev  0x000014ac      0x2a7 ./Drivers/STM32H7xx_HAL_Driver/Src/stm32h7xx_hal_pwr_ex.o
 .debug_abbrev  0x00001753      0x2c8 ./Drivers/STM32H7xx_HAL_Driver/Src/stm32h7xx_hal_rcc.o
 .debug_abbrev  0x00001a1b      0x269 ./Drivers/STM32H7xx_HAL_Driver/Src/stm32h7xx_hal_rcc_ex.o
 .debug_abbrev  0x00001c84      0x276 ./Drivers/STM32H7xx_HAL_Driver/Src/stm32h7xx_hal_tim.o
 .debug_abbrev  0x00001efa      0x281 ./Drivers/STM32H7xx_HAL_Driver/Src/stm32h7xx_hal_tim_ex.o

.debug_aranges  0x00000000     0x10b0
 .debug_aranges
                0x00000000       0x58 ./Core/Src/main.o
 .debug_aranges
                0x00000058       0x48 ./Core/Src/stm32h7xx_hal_msp.o
 .debug_aranges
                0x000000a0       0x60 ./Core/Src/stm32h7xx_it.o
 .debug_aranges
                0x00000100       0x28 ./Core/Src/system_stm32h7xx.o
 .debug_aranges
                0x00000128       0x28 ./Core/Startup/startup_stm32h743xihx.o
 .debug_aranges
                0x00000150      0x198 ./Drivers/STM32H7xx_HAL_Driver/Src/stm32h7xx_hal.o
 .debug_aranges
                0x000002e8      0x228 ./Drivers/STM32H7xx_HAL_Driver/Src/stm32h7xx_hal_adc.o
 .debug_aranges
                0x00000510      0x1d8 ./Drivers/STM32H7xx_HAL_Driver/Src/stm32h7xx_hal_adc_ex.o
 .debug_aranges
                0x000006e8      0x130 ./Drivers/STM32H7xx_HAL_Driver/Src/stm32h7xx_hal_cortex.o
 .debug_aranges
                0x00000818       0x58 ./Drivers/STM32H7xx_HAL_Driver/Src/stm32h7xx_hal_gpio.o
 .debug_aranges
                0x00000870      0x158 ./Drivers/STM32H7xx_HAL_Driver/Src/stm32h7xx_hal_pwr_ex.o
 .debug_aranges
                0x000009c8       0x88 ./Drivers/STM32H7xx_HAL_Driver/Src/stm32h7xx_hal_rcc.o
 .debug_aranges
                0x00000a50       0xf8 ./Drivers/STM32H7xx_HAL_Driver/Src/stm32h7xx_hal_rcc_ex.o
 .debug_aranges
                0x00000b48      0x3e0 ./Drivers/STM32H7xx_HAL_Driver/Src/stm32h7xx_hal_tim.o
 .debug_aranges
                0x00000f28      0x188 ./Drivers/STM32H7xx_HAL_Driver/Src/stm32h7xx_hal_tim_ex.o

.debug_rnglists
                0x00000000      0xce5
 .debug_rnglists
                0x00000000       0x42 ./Core/Src/main.o
 .debug_rnglists
                0x00000042       0x32 ./Core/Src/stm32h7xx_hal_msp.o
 .debug_rnglists
                0x00000074       0x43 ./Core/Src/stm32h7xx_it.o
 .debug_rnglists
                0x000000b7       0x1b ./Core/Src/system_stm32h7xx.o
 .debug_rnglists
                0x000000d2       0x19 ./Core/Startup/startup_stm32h743xihx.o
 .debug_rnglists
                0x000000eb      0x131 ./Drivers/STM32H7xx_HAL_Driver/Src/stm32h7xx_hal.o
 .debug_rnglists
                0x0000021c      0x1a9 ./Drivers/STM32H7xx_HAL_Driver/Src/stm32h7xx_hal_adc.o
 .debug_rnglists
                0x000003c5      0x16f ./Drivers/STM32H7xx_HAL_Driver/Src/stm32h7xx_hal_adc_ex.o
 .debug_rnglists
                0x00000534       0xe0 ./Drivers/STM32H7xx_HAL_Driver/Src/stm32h7xx_hal_cortex.o
 .debug_rnglists
                0x00000614       0x3f ./Drivers/STM32H7xx_HAL_Driver/Src/stm32h7xx_hal_gpio.o
 .debug_rnglists
                0x00000653      0x103 ./Drivers/STM32H7xx_HAL_Driver/Src/stm32h7xx_hal_pwr_ex.o
 .debug_rnglists
                0x00000756       0x68 ./Drivers/STM32H7xx_HAL_Driver/Src/stm32h7xx_hal_rcc.o
 .debug_rnglists
                0x000007be       0xc0 ./Drivers/STM32H7xx_HAL_Driver/Src/stm32h7xx_hal_rcc_ex.o
 .debug_rnglists
                0x0000087e      0x328 ./Drivers/STM32H7xx_HAL_Driver/Src/stm32h7xx_hal_tim.o
 .debug_rnglists
                0x00000ba6      0x13f ./Drivers/STM32H7xx_HAL_Driver/Src/stm32h7xx_hal_tim_ex.o

.debug_macro    0x00000000    0x37c3c
 .debug_macro   0x00000000      0x2c5 ./Core/Src/main.o
 .debug_macro   0x000002c5      0xacc ./Core/Src/main.o
 .debug_macro   0x00000d91      0x238 ./Core/Src/main.o
 .debug_macro   0x00000fc9       0x2e ./Core/Src/main.o
 .debug_macro   0x00000ff7       0x3b ./Core/Src/main.o
 .debug_macro   0x00001032       0x22 ./Core/Src/main.o
 .debug_macro   0x00001054       0x8e ./Core/Src/main.o
 .debug_macro   0x000010e2       0x51 ./Core/Src/main.o
 .debug_macro   0x00001133      0x103 ./Core/Src/main.o
 .debug_macro   0x00001236       0x6a ./Core/Src/main.o
 .debug_macro   0x000012a0      0x1df ./Core/Src/main.o
 .debug_macro   0x0000147f       0x1c ./Core/Src/main.o
 .debug_macro   0x0000149b       0x22 ./Core/Src/main.o
 .debug_macro   0x000014bd       0xfb ./Core/Src/main.o
 .debug_macro   0x000015b8     0x1305 ./Core/Src/main.o
 .debug_macro   0x000028bd      0x11f ./Core/Src/main.o
 .debug_macro   0x000029dc       0x27 ./Core/Src/main.o
 .debug_macro   0x00002a03    0x258f9 ./Core/Src/main.o
 .debug_macro   0x000282fc       0x6d ./Core/Src/main.o
 .debug_macro   0x00028369     0x3d79 ./Core/Src/main.o
 .debug_macro   0x0002c0e2      0x189 ./Core/Src/main.o
 .debug_macro   0x0002c26b       0x61 ./Core/Src/main.o
 .debug_macro   0x0002c2cc       0x29 ./Core/Src/main.o
 .debug_macro   0x0002c2f5       0x43 ./Core/Src/main.o
 .debug_macro   0x0002c338       0x34 ./Core/Src/main.o
 .debug_macro   0x0002c36c       0x16 ./Core/Src/main.o
 .debug_macro   0x0002c382       0x43 ./Core/Src/main.o
 .debug_macro   0x0002c3c5       0x34 ./Core/Src/main.o
 .debug_macro   0x0002c3f9       0x10 ./Core/Src/main.o
 .debug_macro   0x0002c409       0x58 ./Core/Src/main.o
 .debug_macro   0x0002c461       0x8e ./Core/Src/main.o
 .debug_macro   0x0002c4ef       0x1c ./Core/Src/main.o
 .debug_macro   0x0002c50b      0x177 ./Core/Src/main.o
 .debug_macro   0x0002c682      0x369 ./Core/Src/main.o
 .debug_macro   0x0002c9eb      0x19b ./Core/Src/main.o
 .debug_macro   0x0002cb86       0x5d ./Core/Src/main.o
 .debug_macro   0x0002cbe3     0x2382 ./Core/Src/main.o
 .debug_macro   0x0002ef65     0x102c ./Core/Src/main.o
 .debug_macro   0x0002ff91      0x154 ./Core/Src/main.o
 .debug_macro   0x000300e5      0x114 ./Core/Src/main.o
 .debug_macro   0x000301f9      0x3b6 ./Core/Src/main.o
 .debug_macro   0x000305af       0xac ./Core/Src/main.o
 .debug_macro   0x0003065b      0x72d ./Core/Src/main.o
 .debug_macro   0x00030d88      0x228 ./Core/Src/main.o
 .debug_macro   0x00030fb0       0x66 ./Core/Src/main.o
 .debug_macro   0x00031016      0x3bb ./Core/Src/main.o
 .debug_macro   0x000313d1      0x3e4 ./Core/Src/main.o
 .debug_macro   0x000317b5      0x275 ./Core/Src/main.o
 .debug_macro   0x00031a2a     0x1044 ./Core/Src/main.o
 .debug_macro   0x00032a6e      0x6cc ./Core/Src/main.o
 .debug_macro   0x0003313a      0x36e ./Core/Src/main.o
 .debug_macro   0x000334a8      0x3ca ./Core/Src/main.o
 .debug_macro   0x00033872      0x408 ./Core/Src/main.o
 .debug_macro   0x00033c7a       0x51 ./Core/Src/main.o
 .debug_macro   0x00033ccb       0x4a ./Core/Src/main.o
 .debug_macro   0x00033d15      0x22c ./Core/Src/main.o
 .debug_macro   0x00033f41       0x67 ./Core/Src/main.o
 .debug_macro   0x00033fa8       0xa5 ./Core/Src/main.o
 .debug_macro   0x0003404d      0x1c4 ./Core/Src/main.o
 .debug_macro   0x00034211      0x25e ./Core/Src/main.o
 .debug_macro   0x0003446f       0x35 ./Core/Src/main.o
 .debug_macro   0x000344a4      0xafa ./Core/Src/main.o
 .debug_macro   0x00034f9e      0x29f ./Core/Src/main.o
 .debug_macro   0x0003523d      0x5a0 ./Core/Src/main.o
 .debug_macro   0x000357dd       0x1c ./Core/Src/main.o
 .debug_macro   0x000357f9      0x2c5 ./Core/Src/stm32h7xx_hal_msp.o
 .debug_macro   0x00035abe      0x2cf ./Core/Src/stm32h7xx_it.o
 .debug_macro   0x00035d8d      0x2b6 ./Core/Src/system_stm32h7xx.o
 .debug_macro   0x00036043      0x2e0 ./Drivers/STM32H7xx_HAL_Driver/Src/stm32h7xx_hal.o
 .debug_macro   0x00036323      0x2da ./Drivers/STM32H7xx_HAL_Driver/Src/stm32h7xx_hal_adc.o
 .debug_macro   0x000365fd      0x2c2 ./Drivers/STM32H7xx_HAL_Driver/Src/stm32h7xx_hal_adc_ex.o
 .debug_macro   0x000368bf      0x2b6 ./Drivers/STM32H7xx_HAL_Driver/Src/stm32h7xx_hal_cortex.o
 .debug_macro   0x00036b75      0x2bd ./Drivers/STM32H7xx_HAL_Driver/Src/stm32h7xx_hal_gpio.o
 .debug_macro   0x00036e32      0x2ef ./Drivers/STM32H7xx_HAL_Driver/Src/stm32h7xx_hal_pwr_ex.o
 .debug_macro   0x00037121      0x2da ./Drivers/STM32H7xx_HAL_Driver/Src/stm32h7xx_hal_rcc.o
 .debug_macro   0x000373fb      0x2d4 ./Drivers/STM32H7xx_HAL_Driver/Src/stm32h7xx_hal_rcc_ex.o
 .debug_macro   0x000376cf      0x2b7 ./Drivers/STM32H7xx_HAL_Driver/Src/stm32h7xx_hal_tim.o
 .debug_macro   0x00037986      0x2b6 ./Drivers/STM32H7xx_HAL_Driver/Src/stm32h7xx_hal_tim_ex.o

.debug_line     0x00000000    0x139e2
 .debug_line    0x00000000      0xbbd ./Core/Src/main.o
 .debug_line    0x00000bbd      0x9b2 ./Core/Src/stm32h7xx_hal_msp.o
 .debug_line    0x0000156f      0x9c0 ./Core/Src/stm32h7xx_it.o
 .debug_line    0x00001f2f      0xab9 ./Core/Src/system_stm32h7xx.o
 .debug_line    0x000029e8       0x7a ./Core/Startup/startup_stm32h743xihx.o
 .debug_line    0x00002a62      0xeae ./Drivers/STM32H7xx_HAL_Driver/Src/stm32h7xx_hal.o
 .debug_line    0x00003910     0x23fd ./Drivers/STM32H7xx_HAL_Driver/Src/stm32h7xx_hal_adc.o
 .debug_line    0x00005d0d     0x1ffb ./Drivers/STM32H7xx_HAL_Driver/Src/stm32h7xx_hal_adc_ex.o
 .debug_line    0x00007d08      0xedd ./Drivers/STM32H7xx_HAL_Driver/Src/stm32h7xx_hal_cortex.o
 .debug_line    0x00008be5      0xd86 ./Drivers/STM32H7xx_HAL_Driver/Src/stm32h7xx_hal_gpio.o
 .debug_line    0x0000996b      0xfd1 ./Drivers/STM32H7xx_HAL_Driver/Src/stm32h7xx_hal_pwr_ex.o
 .debug_line    0x0000a93c     0x147e ./Drivers/STM32H7xx_HAL_Driver/Src/stm32h7xx_hal_rcc.o
 .debug_line    0x0000bdba     0x1d96 ./Drivers/STM32H7xx_HAL_Driver/Src/stm32h7xx_hal_rcc_ex.o
 .debug_line    0x0000db50     0x4044 ./Drivers/STM32H7xx_HAL_Driver/Src/stm32h7xx_hal_tim.o
 .debug_line    0x00011b94     0x1e4e ./Drivers/STM32H7xx_HAL_Driver/Src/stm32h7xx_hal_tim_ex.o

.debug_str      0x00000000   0x16f215
 .debug_str     0x00000000   0x16a5f5 ./Core/Src/main.o
                             0x16aea7 (size before relaxing)
 .debug_str     0x0016a5f5       0xac ./Core/Src/stm32h7xx_hal_msp.o
                             0x16a7a4 (size before relaxing)
 .debug_str     0x0016a6a1       0xc9 ./Core/Src/stm32h7xx_it.o
                             0x169844 (size before relaxing)
 .debug_str     0x0016a76a      0x33a ./Core/Src/system_stm32h7xx.o
                             0x169caf (size before relaxing)
 .debug_str     0x0016aaa4       0x44 ./Core/Startup/startup_stm32h743xihx.o
                                 0x73 (size before relaxing)
 .debug_str     0x0016aae8      0xfa2 ./Drivers/STM32H7xx_HAL_Driver/Src/stm32h7xx_hal.o
                             0x16abc5 (size before relaxing)
 .debug_str     0x0016ba8a      0xaec ./Drivers/STM32H7xx_HAL_Driver/Src/stm32h7xx_hal_adc.o
                             0x16aa4e (size before relaxing)
 .debug_str     0x0016c576      0x806 ./Drivers/STM32H7xx_HAL_Driver/Src/stm32h7xx_hal_adc_ex.o
                             0x16aa8d (size before relaxing)
 .debug_str     0x0016cd7c      0x2e0 ./Drivers/STM32H7xx_HAL_Driver/Src/stm32h7xx_hal_cortex.o
                             0x16a600 (size before relaxing)
 .debug_str     0x0016d05c      0x102 ./Drivers/STM32H7xx_HAL_Driver/Src/stm32h7xx_hal_gpio.o
                             0x169c66 (size before relaxing)
 .debug_str     0x0016d15e      0x624 ./Drivers/STM32H7xx_HAL_Driver/Src/stm32h7xx_hal_pwr_ex.o
                             0x16a127 (size before relaxing)
 .debug_str     0x0016d782      0x21a ./Drivers/STM32H7xx_HAL_Driver/Src/stm32h7xx_hal_rcc.o
                             0x16a04a (size before relaxing)
 .debug_str     0x0016d99c      0x630 ./Drivers/STM32H7xx_HAL_Driver/Src/stm32h7xx_hal_rcc_ex.o
                             0x16a52b (size before relaxing)
 .debug_str     0x0016dfcc      0xd9c ./Drivers/STM32H7xx_HAL_Driver/Src/stm32h7xx_hal_tim.o
                             0x16ade9 (size before relaxing)
 .debug_str     0x0016ed68      0x4ad ./Drivers/STM32H7xx_HAL_Driver/Src/stm32h7xx_hal_tim_ex.o
                             0x16a711 (size before relaxing)

.comment        0x00000000       0x43
 .comment       0x00000000       0x43 ./Core/Src/main.o
                                 0x44 (size before relaxing)
 .comment       0x00000043       0x44 ./Core/Src/stm32h7xx_hal_msp.o
 .comment       0x00000043       0x44 ./Core/Src/stm32h7xx_it.o
 .comment       0x00000043       0x44 ./Core/Src/system_stm32h7xx.o
 .comment       0x00000043       0x44 ./Drivers/STM32H7xx_HAL_Driver/Src/stm32h7xx_hal.o
 .comment       0x00000043       0x44 ./Drivers/STM32H7xx_HAL_Driver/Src/stm32h7xx_hal_adc.o
 .comment       0x00000043       0x44 ./Drivers/STM32H7xx_HAL_Driver/Src/stm32h7xx_hal_adc_ex.o
 .comment       0x00000043       0x44 ./Drivers/STM32H7xx_HAL_Driver/Src/stm32h7xx_hal_cortex.o
 .comment       0x00000043       0x44 ./Drivers/STM32H7xx_HAL_Driver/Src/stm32h7xx_hal_gpio.o
 .comment       0x00000043       0x44 ./Drivers/STM32H7xx_HAL_Driver/Src/stm32h7xx_hal_pwr_ex.o
 .comment       0x00000043       0x44 ./Drivers/STM32H7xx_HAL_Driver/Src/stm32h7xx_hal_rcc.o
 .comment       0x00000043       0x44 ./Drivers/STM32H7xx_HAL_Driver/Src/stm32h7xx_hal_rcc_ex.o
 .comment       0x00000043       0x44 ./Drivers/STM32H7xx_HAL_Driver/Src/stm32h7xx_hal_tim.o
 .comment       0x00000043       0x44 ./Drivers/STM32H7xx_HAL_Driver/Src/stm32h7xx_hal_tim_ex.o

.debug_frame    0x00000000     0x47e0
 .debug_frame   0x00000000      0x124 ./Core/Src/main.o
 .debug_frame   0x00000124       0xfc ./Core/Src/stm32h7xx_hal_msp.o
 .debug_frame   0x00000220      0x104 ./Core/Src/stm32h7xx_it.o
 .debug_frame   0x00000324       0x58 ./Core/Src/system_stm32h7xx.o
 .debug_frame   0x0000037c      0x690 ./Drivers/STM32H7xx_HAL_Driver/Src/stm32h7xx_hal.o
 .debug_frame   0x00000a0c      0xa28 ./Drivers/STM32H7xx_HAL_Driver/Src/stm32h7xx_hal_adc.o
 .debug_frame   0x00001434      0x88c ./Drivers/STM32H7xx_HAL_Driver/Src/stm32h7xx_hal_adc_ex.o
 .debug_frame   0x00001cc0      0x508 ./Drivers/STM32H7xx_HAL_Driver/Src/stm32h7xx_hal_cortex.o
 .debug_frame   0x000021c8      0x14c ./Drivers/STM32H7xx_HAL_Driver/Src/stm32h7xx_hal_gpio.o
 .debug_frame   0x00002314      0x580 ./Drivers/STM32H7xx_HAL_Driver/Src/stm32h7xx_hal_pwr_ex.o
 .debug_frame   0x00002894      0x1f8 ./Drivers/STM32H7xx_HAL_Driver/Src/stm32h7xx_hal_rcc.o
 .debug_frame   0x00002a8c      0x414 ./Drivers/STM32H7xx_HAL_Driver/Src/stm32h7xx_hal_rcc_ex.o
 .debug_frame   0x00002ea0     0x121c ./Drivers/STM32H7xx_HAL_Driver/Src/stm32h7xx_hal_tim.o
 .debug_frame   0x000040bc      0x6d8 ./Drivers/STM32H7xx_HAL_Driver/Src/stm32h7xx_hal_tim_ex.o
 .debug_frame   0x00004794       0x20 D:/IDE/STM32CubeIDE_1.14.1/STM32CubeIDE/plugins/com.st.stm32cube.ide.mcu.externaltools.gnu-tools-for-stm32.12.3.rel1.win32_1.0.100.202403111256/tools/bin/../lib/gcc/arm-none-eabi/12.3.1/../../../../arm-none-eabi/lib/thumb/v7e-m+dp/hard\libc_nano.a(libc_a-memset.o)
 .debug_frame   0x000047b4       0x2c D:/IDE/STM32CubeIDE_1.14.1/STM32CubeIDE/plugins/com.st.stm32cube.ide.mcu.externaltools.gnu-tools-for-stm32.12.3.rel1.win32_1.0.100.202403111256/tools/bin/../lib/gcc/arm-none-eabi/12.3.1/../../../../arm-none-eabi/lib/thumb/v7e-m+dp/hard\libc_nano.a(libc_a-init.o)

.debug_line_str
                0x00000000       0x57
 .debug_line_str
                0x00000000       0x57 ./Core/Startup/startup_stm32h743xihx.o
