16:58:34 **** Incremental Build of configuration Debug for project BLE ****
make -j32 all 
arm-none-eabi-gcc "../Core/Src/main.c" -mcpu=cortex-m7 -std=gnu11 -g3 -DDEBUG -DUSE_HAL_DRIVER -DSTM32H743xx -c -I../Core/Inc -I../Drivers/STM32H7xx_HAL_Driver/Inc -I../Drivers/STM32H7xx_HAL_Driver/Inc/Legacy -I../Drivers/CMSIS/Device/ST/STM32H7xx/Include -I../Drivers/CMSIS/Include -O0 -ffunction-sections -fdata-sections -Wall -fstack-usage -fcyclomatic-complexity -MMD -MP -MF"Core/Src/main.d" -MT"Core/Src/main.o" --specs=nano.specs -mfpu=fpv5-d16 -mfloat-abi=hard -mthumb -o "Core/Src/main.o"
arm-none-eabi-gcc -o "BLE.elf" @"objects.list"   -mcpu=cortex-m7 -T"D:\IDE\Repositories\STM32-Practice\BLE\STM32H743XIHX_FLASH.ld" --specs=nosys.specs -Wl,-Map="BLE.map" -Wl,--gc-sections -static --specs=nano.specs -mfpu=fpv5-d16 -mfloat-abi=hard -mthumb -Wl,--start-group -lc -lm -Wl,--end-group
Finished building target: BLE.elf
 
arm-none-eabi-size  BLE.elf 
arm-none-eabi-objdump -h -S BLE.elf  > "BLE.list"
   text	   data	    bss	    dec	    hex	filename
  37516	     16	   2008	  39540	   9a74	BLE.elf
Finished building: default.size.stdout
 
Finished building: BLE.list
 

16:58:35 Build Finished. 0 errors, 0 warnings. (took 653ms)

