13:56:53 **** Incremental Build of configuration Debug for project I2C_DHT20 ****
make -j32 all 
arm-none-eabi-gcc "../Core/Src/dht20.c" -mcpu=cortex-m7 -std=gnu11 -g3 -DDEBUG -DUSE_HAL_DRIVER -DSTM32H743xx -c -I../Core/Inc -I../Drivers/STM32H7xx_HAL_Driver/Inc -I../Drivers/STM32H7xx_HAL_Driver/Inc/Legacy -I../Drivers/CMSIS/Device/ST/STM32H7xx/Include -I../Drivers/CMSIS/Include -O0 -ffunction-sections -fdata-sections -Wall -fstack-usage -fcyclomatic-complexity -MMD -MP -MF"Core/Src/dht20.d" -MT"Core/Src/dht20.o" --specs=nano.specs -mfpu=fpv5-d16 -mfloat-abi=hard -mthumb -o "Core/Src/dht20.o"
arm-none-eabi-gcc -o "I2C_DHT20.elf" @"objects.list"   -mcpu=cortex-m7 -T"D:\IDE\Repositories\STM32-Practice\I2C_DHT20\STM32H743XIHX_FLASH.ld" --specs=nosys.specs -Wl,-Map="I2C_DHT20.map" -Wl,--gc-sections -static --specs=nano.specs -mfpu=fpv5-d16 -mfloat-abi=hard -mthumb -u _printf_float -u _scanf_float -Wl,--start-group -lc -lm -Wl,--end-group
Finished building target: I2C_DHT20.elf
 
arm-none-eabi-size  I2C_DHT20.elf 
arm-none-eabi-objdump -h -S I2C_DHT20.elf  > "I2C_DHT20.list"
   text	   data	    bss	    dec	    hex	filename
  65436	    476	   2628	  68540	  10bbc	I2C_DHT20.elf
Finished building: default.size.stdout
 
Finished building: I2C_DHT20.list
 

13:56:54 Build Finished. 0 errors, 0 warnings. (took 582ms)

