15:57:52 **** Incremental Build of configuration Debug for project L298N ****
make -j32 all 
arm-none-eabi-gcc "../Core/Src/main.c" -mcpu=cortex-m7 -std=gnu11 -g3 -DDEBUG -DUSE_HAL_DRIVER -DSTM32H743xx -c -I../Core/Inc -I../Drivers/STM32H7xx_HAL_Driver/Inc -I../Drivers/STM32H7xx_HAL_Driver/Inc/Legacy -I../Drivers/CMSIS/Device/ST/STM32H7xx/Include -I../Drivers/CMSIS/Include -O0 -ffunction-sections -fdata-sections -Wall -fstack-usage -fcyclomatic-complexity -MMD -MP -MF"Core/Src/main.d" -MT"Core/Src/main.o" --specs=nano.specs -mfpu=fpv5-d16 -mfloat-abi=hard -mthumb -o "Core/Src/main.o"
arm-none-eabi-gcc -o "L298N.elf" @"objects.list"   -mcpu=cortex-m7 -T"D:\IDE\Repositories\STM32-Practice\L298N\STM32H743XIHX_FLASH.ld" --specs=nosys.specs -Wl,-Map="L298N.map" -Wl,--gc-sections -static --specs=nano.specs -mfpu=fpv5-d16 -mfloat-abi=hard -mthumb -Wl,--start-group -lc -lm -Wl,--end-group
Finished building target: L298N.elf
 
arm-none-eabi-size  L298N.elf 
arm-none-eabi-objdump -h -S L298N.elf  > "L298N.list"
   text	   data	    bss	    dec	    hex	filename
  31540	     16	   1744	  33300	   8214	L298N.elf
Finished building: default.size.stdout
 
Finished building: L298N.list
 

15:57:53 Build Finished. 0 errors, 0 warnings. (took 633ms)

