15:27:54 **** Incremental Build of configuration Debug for project LED ****
make -j32 all 
arm-none-eabi-gcc "../Core/Src/main.c" -mcpu=cortex-m7 -std=gnu11 -g3 -DDEBUG -DUSE_HAL_DRIVER -DSTM32H743xx -c -I../Core/Inc -I../Drivers/STM32H7xx_HAL_Driver/Inc -I../Drivers/STM32H7xx_HAL_Driver/Inc/Legacy -I../Drivers/CMSIS/Device/ST/STM32H7xx/Include -I../Drivers/CMSIS/Include -O0 -ffunction-sections -fdata-sections -Wall -fstack-usage -fcyclomatic-complexity -MMD -MP -MF"Core/Src/main.d" -MT"Core/Src/main.o" --specs=nano.specs -mfpu=fpv5-d16 -mfloat-abi=hard -mthumb -o "Core/Src/main.o"
arm-none-eabi-gcc -o "LED.elf" @"objects.list"   -mcpu=cortex-m7 -T"D:\IDE\Repositories\STM32-Practice\LED\STM32H743XIHX_FLASH.ld" --specs=nosys.specs -Wl,-Map="LED.map" -Wl,--gc-sections -static --specs=nano.specs -mfpu=fpv5-d16 -mfloat-abi=hard -mthumb -Wl,--start-group -lc -lm -Wl,--end-group
Finished building target: LED.elf
 
arm-none-eabi-size  LED.elf 
arm-none-eabi-objdump -h -S LED.elf  > "LED.list"
   text	   data	    bss	    dec	    hex	filename
   8504	     16	   1568	  10088	   2768	LED.elf
Finished building: default.size.stdout
 
Finished building: LED.list
 

15:27:55 Build Finished. 0 errors, 0 warnings. (took 531ms)

