13:04:54 **** Incremental Build of configuration Debug for project PWM_Light ****
make -j32 all 
arm-none-eabi-gcc "../Core/Src/main.c" -mcpu=cortex-m7 -std=gnu11 -g3 -DDEBUG -DUSE_HAL_DRIVER -DSTM32H743xx -c -I../Core/Inc -I../Drivers/STM32H7xx_HAL_Driver/Inc -I../Drivers/STM32H7xx_HAL_Driver/Inc/Legacy -I../Drivers/CMSIS/Device/ST/STM32H7xx/Include -I../Drivers/CMSIS/Include -O0 -ffunction-sections -fdata-sections -Wall -fstack-usage -fcyclomatic-complexity -MMD -MP -MF"Core/Src/main.d" -MT"Core/Src/main.o" --specs=nano.specs -mfpu=fpv5-d16 -mfloat-abi=hard -mthumb -o "Core/Src/main.o"
arm-none-eabi-gcc -o "PWM_Light.elf" @"objects.list"   -mcpu=cortex-m7 -T"D:\IDE\Repositories\STM32-Practice\PWM_Light\STM32H743XIHX_FLASH.ld" --specs=nosys.specs -Wl,-Map="PWM_Light.map" -Wl,--gc-sections -static --specs=nano.specs -mfpu=fpv5-d16 -mfloat-abi=hard -mthumb -Wl,--start-group -lc -lm -Wl,--end-group
Finished building target: PWM_Light.elf
 
arm-none-eabi-size  PWM_Light.elf 
arm-none-eabi-objdump -h -S PWM_Light.elf  > "PWM_Light.list"
   text	   data	    bss	    dec	    hex	filename
  13188	     16	   1720	  14924	   3a4c	PWM_Light.elf
Finished building: default.size.stdout
 
Finished building: PWM_Light.list
 

13:04:55 Build Finished. 0 errors, 0 warnings. (took 533ms)

