14:06:00 **** Incremental Build of configuration Debug for project TIM_InputCapture ****
make -j32 all 
arm-none-eabi-gcc "../Core/Src/main.c" -mcpu=cortex-m7 -std=gnu11 -g3 -DDEBUG -DUSE_HAL_DRIVER -DSTM32H743xx -c -I../Core/Inc -I../Drivers/STM32H7xx_HAL_Driver/Inc -I../Drivers/STM32H7xx_HAL_Driver/Inc/Legacy -I../Drivers/CMSIS/Device/ST/STM32H7xx/Include -I../Drivers/CMSIS/Include -O0 -ffunction-sections -fdata-sections -Wall -fstack-usage -fcyclomatic-complexity -MMD -MP -MF"Core/Src/main.d" -MT"Core/Src/main.o" --specs=nano.specs -mfpu=fpv5-d16 -mfloat-abi=hard -mthumb -o "Core/Src/main.o"
arm-none-eabi-gcc -o "TIM_InputCapture.elf" @"objects.list"   -mcpu=cortex-m7 -T"D:\IDE\Repositories\STM32-Practice\TIM_InputCapture\STM32H743XIHX_FLASH.ld" --specs=nosys.specs -Wl,-Map="TIM_InputCapture.map" -Wl,--gc-sections -static --specs=nano.specs -mfpu=fpv5-d16 -mfloat-abi=hard -mthumb -u _printf_float -u _scanf_float -Wl,--start-group -lc -lm -Wl,--end-group
Finished building target: TIM_InputCapture.elf
 
arm-none-eabi-size  TIM_InputCapture.elf 
arm-none-eabi-objdump -h -S TIM_InputCapture.elf  > "TIM_InputCapture.list"
   text	   data	    bss	    dec	    hex	filename
  45924	    472	   3240	  49636	   c1e4	TIM_InputCapture.elf
Finished building: default.size.stdout
 
Finished building: TIM_InputCapture.list
 

14:06:01 Build Finished. 0 errors, 0 warnings. (took 581ms)

